Archive member included to satisfy reference by file (symbol)

C:/ST/STM32CubeIDE_1.15.1/STM32CubeIDE/plugins/com.st.stm32cube.ide.mcu.externaltools.gnu-tools-for-stm32.12.3.rel1.win32_1.0.100.202403111256/tools/bin/../lib/gcc/arm-none-eabi/12.3.1/../../../../arm-none-eabi/lib/thumb/v7e-m+fp/hard\libc_nano.a(libc_a-exit.o)
                              C:/ST/STM32CubeIDE_1.15.1/STM32CubeIDE/plugins/com.st.stm32cube.ide.mcu.externaltools.gnu-tools-for-stm32.12.3.rel1.win32_1.0.100.202403111256/tools/bin/../lib/gcc/arm-none-eabi/12.3.1/../../../../arm-none-eabi/lib/thumb/v7e-m+fp/hard/crt0.o (exit)
C:/ST/STM32CubeIDE_1.15.1/STM32CubeIDE/plugins/com.st.stm32cube.ide.mcu.externaltools.gnu-tools-for-stm32.12.3.rel1.win32_1.0.100.202403111256/tools/bin/../lib/gcc/arm-none-eabi/12.3.1/../../../../arm-none-eabi/lib/thumb/v7e-m+fp/hard\libc_nano.a(libc_a-findfp.o)
                              C:/ST/STM32CubeIDE_1.15.1/STM32CubeIDE/plugins/com.st.stm32cube.ide.mcu.externaltools.gnu-tools-for-stm32.12.3.rel1.win32_1.0.100.202403111256/tools/bin/../lib/gcc/arm-none-eabi/12.3.1/../../../../arm-none-eabi/lib/thumb/v7e-m+fp/hard\libc_nano.a(libc_a-exit.o) (__stdio_exit_handler)
C:/ST/STM32CubeIDE_1.15.1/STM32CubeIDE/plugins/com.st.stm32cube.ide.mcu.externaltools.gnu-tools-for-stm32.12.3.rel1.win32_1.0.100.202403111256/tools/bin/../lib/gcc/arm-none-eabi/12.3.1/../../../../arm-none-eabi/lib/thumb/v7e-m+fp/hard\libc_nano.a(libc_a-fwalk.o)
                              C:/ST/STM32CubeIDE_1.15.1/STM32CubeIDE/plugins/com.st.stm32cube.ide.mcu.externaltools.gnu-tools-for-stm32.12.3.rel1.win32_1.0.100.202403111256/tools/bin/../lib/gcc/arm-none-eabi/12.3.1/../../../../arm-none-eabi/lib/thumb/v7e-m+fp/hard\libc_nano.a(libc_a-findfp.o) (_fwalk_sglue)
C:/ST/STM32CubeIDE_1.15.1/STM32CubeIDE/plugins/com.st.stm32cube.ide.mcu.externaltools.gnu-tools-for-stm32.12.3.rel1.win32_1.0.100.202403111256/tools/bin/../lib/gcc/arm-none-eabi/12.3.1/../../../../arm-none-eabi/lib/thumb/v7e-m+fp/hard\libc_nano.a(libc_a-stdio.o)
                              C:/ST/STM32CubeIDE_1.15.1/STM32CubeIDE/plugins/com.st.stm32cube.ide.mcu.externaltools.gnu-tools-for-stm32.12.3.rel1.win32_1.0.100.202403111256/tools/bin/../lib/gcc/arm-none-eabi/12.3.1/../../../../arm-none-eabi/lib/thumb/v7e-m+fp/hard\libc_nano.a(libc_a-findfp.o) (__sread)
C:/ST/STM32CubeIDE_1.15.1/STM32CubeIDE/plugins/com.st.stm32cube.ide.mcu.externaltools.gnu-tools-for-stm32.12.3.rel1.win32_1.0.100.202403111256/tools/bin/../lib/gcc/arm-none-eabi/12.3.1/../../../../arm-none-eabi/lib/thumb/v7e-m+fp/hard\libc_nano.a(libc_a-memcmp.o)
                              ./Core/Src/MPU6050/inv_mpu.o (memcmp)
C:/ST/STM32CubeIDE_1.15.1/STM32CubeIDE/plugins/com.st.stm32cube.ide.mcu.externaltools.gnu-tools-for-stm32.12.3.rel1.win32_1.0.100.202403111256/tools/bin/../lib/gcc/arm-none-eabi/12.3.1/../../../../arm-none-eabi/lib/thumb/v7e-m+fp/hard\libc_nano.a(libc_a-memset.o)
                              C:/ST/STM32CubeIDE_1.15.1/STM32CubeIDE/plugins/com.st.stm32cube.ide.mcu.externaltools.gnu-tools-for-stm32.12.3.rel1.win32_1.0.100.202403111256/tools/bin/../lib/gcc/arm-none-eabi/12.3.1/../../../../arm-none-eabi/lib/thumb/v7e-m+fp/hard/crt0.o (memset)
C:/ST/STM32CubeIDE_1.15.1/STM32CubeIDE/plugins/com.st.stm32cube.ide.mcu.externaltools.gnu-tools-for-stm32.12.3.rel1.win32_1.0.100.202403111256/tools/bin/../lib/gcc/arm-none-eabi/12.3.1/../../../../arm-none-eabi/lib/thumb/v7e-m+fp/hard\libc_nano.a(libc_a-closer.o)
                              C:/ST/STM32CubeIDE_1.15.1/STM32CubeIDE/plugins/com.st.stm32cube.ide.mcu.externaltools.gnu-tools-for-stm32.12.3.rel1.win32_1.0.100.202403111256/tools/bin/../lib/gcc/arm-none-eabi/12.3.1/../../../../arm-none-eabi/lib/thumb/v7e-m+fp/hard\libc_nano.a(libc_a-stdio.o) (_close_r)
C:/ST/STM32CubeIDE_1.15.1/STM32CubeIDE/plugins/com.st.stm32cube.ide.mcu.externaltools.gnu-tools-for-stm32.12.3.rel1.win32_1.0.100.202403111256/tools/bin/../lib/gcc/arm-none-eabi/12.3.1/../../../../arm-none-eabi/lib/thumb/v7e-m+fp/hard\libc_nano.a(libc_a-reent.o)
                              C:/ST/STM32CubeIDE_1.15.1/STM32CubeIDE/plugins/com.st.stm32cube.ide.mcu.externaltools.gnu-tools-for-stm32.12.3.rel1.win32_1.0.100.202403111256/tools/bin/../lib/gcc/arm-none-eabi/12.3.1/../../../../arm-none-eabi/lib/thumb/v7e-m+fp/hard\libc_nano.a(libc_a-closer.o) (errno)
C:/ST/STM32CubeIDE_1.15.1/STM32CubeIDE/plugins/com.st.stm32cube.ide.mcu.externaltools.gnu-tools-for-stm32.12.3.rel1.win32_1.0.100.202403111256/tools/bin/../lib/gcc/arm-none-eabi/12.3.1/../../../../arm-none-eabi/lib/thumb/v7e-m+fp/hard\libc_nano.a(libc_a-impure.o)
                              C:/ST/STM32CubeIDE_1.15.1/STM32CubeIDE/plugins/com.st.stm32cube.ide.mcu.externaltools.gnu-tools-for-stm32.12.3.rel1.win32_1.0.100.202403111256/tools/bin/../lib/gcc/arm-none-eabi/12.3.1/../../../../arm-none-eabi/lib/thumb/v7e-m+fp/hard\libc_nano.a(libc_a-reent.o) (_impure_ptr)
[...]
Memory Configuration

Name             Origin             Length             Attributes
RAM              0x20000000         0x00010000         xrw
FLASH            0x08000000         0x00040000         xr
*default*        0x00000000         0xffffffff

Linker script and memory map

LOAD C:/ST/STM32CubeIDE_1.15.1/STM32CubeIDE/plugins/com.st.stm32cube.ide.mcu.externaltools.gnu-tools-for-stm32.12.3.rel1.win32_1.0.100.202403111256/tools/bin/../lib/gcc/arm-none-eabi/12.3.1/thumb/v7e-m+fp/hard/crti.o
LOAD C:/ST/STM32CubeIDE_1.15.1/STM32CubeIDE/plugins/com.st.stm32cube.ide.mcu.externaltools.gnu-tools-for-stm32.12.3.rel1.win32_1.0.100.202403111256/tools/bin/../lib/gcc/arm-none-eabi/12.3.1/thumb/v7e-m+fp/hard/crtbegin.o
LOAD C:/ST/STM32CubeIDE_1.15.1/STM32CubeIDE/plugins/com.st.stm32cube.ide.mcu.externaltools.gnu-tools-for-stm32.12.3.rel1.win32_1.0.100.202403111256/tools/bin/../lib/gcc/arm-none-eabi/12.3.1/../../../../arm-none-eabi/lib/thumb/v7e-m+fp/hard/crt0.o
LOAD ./Core/Src/MPU6050/I2C.o
LOAD ./Core/Src/MPU6050/inv_mpu.o
LOAD ./Core/Src/MPU6050/inv_mpu_dmp_motion_driver.o
LOAD ./Core/Src/MPU6050/mpu6050.o
LOAD ./Core/Src/PID/PID.o
LOAD ./Core/Src/Quaternion/quaternion_utils.o
LOAD ./Core/Src/main.o
LOAD ./Core/Src/stm32f4xx_hal_msp.o
LOAD ./Core/Src/stm32f4xx_it.o
LOAD ./Core/Src/syscalls.o
LOAD ./Core/Src/sysmem.o
LOAD ./Core/Src/system_stm32f4xx.o
LOAD ./Core/Src/usart/usart.o
LOAD ./Core/Startup/startup_stm32f401ccux.o
LOAD ./Drivers/STM32F4xx_HAL_Driver/Src/stm32f4xx_hal.o
LOAD ./Drivers/STM32F4xx_HAL_Driver/Src/stm32f4xx_hal_cortex.o
LOAD ./Drivers/STM32F4xx_HAL_Driver/Src/stm32f4xx_hal_dma.o
LOAD ./Drivers/STM32F4xx_HAL_Driver/Src/stm32f4xx_hal_dma_ex.o
LOAD ./Drivers/STM32F4xx_HAL_Driver/Src/stm32f4xx_hal_exti.o
LOAD ./Drivers/STM32F4xx_HAL_Driver/Src/stm32f4xx_hal_flash.o
LOAD ./Drivers/STM32F4xx_HAL_Driver/Src/stm32f4xx_hal_flash_ex.o
LOAD ./Drivers/STM32F4xx_HAL_Driver/Src/stm32f4xx_hal_flash_ramfunc.o
LOAD ./Drivers/STM32F4xx_HAL_Driver/Src/stm32f4xx_hal_gpio.o
LOAD ./Drivers/STM32F4xx_HAL_Driver/Src/stm32f4xx_hal_i2c.o
LOAD ./Drivers/STM32F4xx_HAL_Driver/Src/stm32f4xx_hal_i2c_ex.o
LOAD ./Drivers/STM32F4xx_HAL_Driver/Src/stm32f4xx_hal_pwr.o
LOAD ./Drivers/STM32F4xx_HAL_Driver/Src/stm32f4xx_hal_pwr_ex.o
LOAD ./Drivers/STM32F4xx_HAL_Driver/Src/stm32f4xx_hal_rcc.o
LOAD ./Drivers/STM32F4xx_HAL_Driver/Src/stm32f4xx_hal_rcc_ex.o
LOAD ./Drivers/STM32F4xx_HAL_Driver/Src/stm32f4xx_hal_tim.o
LOAD ./Drivers/STM32F4xx_HAL_Driver/Src/stm32f4xx_hal_tim_ex.o
LOAD ./Drivers/STM32F4xx_HAL_Driver/Src/stm32f4xx_hal_uart.o
START GROUP
LOAD C:/ST/STM32CubeIDE_1.15.1/STM32CubeIDE/plugins/com.st.stm32cube.ide.mcu.externaltools.gnu-tools-for-stm32.12.3.rel1.win32_1.0.100.202403111256/tools/bin/../lib/gcc/arm-none-eabi/12.3.1/../../../../arm-none-eabi/lib/thumb/v7e-m+fp/hard\libc_nano.a
LOAD C:/ST/STM32CubeIDE_1.15.1/STM32CubeIDE/plugins/com.st.stm32cube.ide.mcu.externaltools.gnu-tools-for-stm32.12.3.rel1.win32_1.0.100.202403111256/tools/bin/../lib/gcc/arm-none-eabi/12.3.1/../../../../arm-none-eabi/lib/thumb/v7e-m+fp/hard\libm.a
END GROUP
START GROUP
LOAD C:/ST/STM32CubeIDE_1.15.1/STM32CubeIDE/plugins/com.st.stm32cube.ide.mcu.externaltools.gnu-tools-for-stm32.12.3.rel1.win32_1.0.100.202403111256/tools/bin/../lib/gcc/arm-none-eabi/12.3.1/thumb/v7e-m+fp/hard\libgcc.a
LOAD C:/ST/STM32CubeIDE_1.15.1/STM32CubeIDE/plugins/com.st.stm32cube.ide.mcu.externaltools.gnu-tools-for-stm32.12.3.rel1.win32_1.0.100.202403111256/tools/bin/../lib/gcc/arm-none-eabi/12.3.1/../../../../arm-none-eabi/lib/thumb/v7e-m+fp/hard\libc_nano.a
END GROUP
START GROUP
LOAD C:/ST/STM32CubeIDE_1.15.1/STM32CubeIDE/plugins/com.st.stm32cube.ide.mcu.externaltools.gnu-tools-for-stm32.12.3.rel1.win32_1.0.100.202403111256/tools/bin/../lib/gcc/arm-none-eabi/12.3.1/thumb/v7e-m+fp/hard\libgcc.a
LOAD C:/ST/STM32CubeIDE_1.15.1/STM32CubeIDE/plugins/com.st.stm32cube.ide.mcu.externaltools.gnu-tools-for-stm32.12.3.rel1.win32_1.0.100.202403111256/tools/bin/../lib/gcc/arm-none-eabi/12.3.1/../../../../arm-none-eabi/lib/thumb/v7e-m+fp/hard\libc_nano.a
LOAD C:/ST/STM32CubeIDE_1.15.1/STM32CubeIDE/plugins/com.st.stm32cube.ide.mcu.externaltools.gnu-tools-for-stm32.12.3.rel1.win32_1.0.100.202403111256/tools/bin/../lib/gcc/arm-none-eabi/12.3.1/../../../../arm-none-eabi/lib/thumb/v7e-m+fp/hard\libnosys.a
END GROUP
START GROUP
LOAD C:/ST/STM32CubeIDE_1.15.1/STM32CubeIDE/plugins/com.st.stm32cube.ide.mcu.externaltools.gnu-tools-for-stm32.12.3.rel1.win32_1.0.100.202403111256/tools/bin/../lib/gcc/arm-none-eabi/12.3.1/thumb/v7e-m+fp/hard\libgcc.a
LOAD C:/ST/STM32CubeIDE_1.15.1/STM32CubeIDE/plugins/com.st.stm32cube.ide.mcu.externaltools.gnu-tools-for-stm32.12.3.rel1.win32_1.0.100.202403111256/tools/bin/../lib/gcc/arm-none-eabi/12.3.1/../../../../arm-none-eabi/lib/thumb/v7e-m+fp/hard\libc_nano.a
LOAD C:/ST/STM32CubeIDE_1.15.1/STM32CubeIDE/plugins/com.st.stm32cube.ide.mcu.externaltools.gnu-tools-for-stm32.12.3.rel1.win32_1.0.100.202403111256/tools/bin/../lib/gcc/arm-none-eabi/12.3.1/../../../../arm-none-eabi/lib/thumb/v7e-m+fp/hard\libnosys.a
END GROUP
LOAD C:/ST/STM32CubeIDE_1.15.1/STM32CubeIDE/plugins/com.st.stm32cube.ide.mcu.externaltools.gnu-tools-for-stm32.12.3.rel1.win32_1.0.100.202403111256/tools/bin/../lib/gcc/arm-none-eabi/12.3.1/thumb/v7e-m+fp/hard/crtend.o
LOAD C:/ST/STM32CubeIDE_1.15.1/STM32CubeIDE/plugins/com.st.stm32cube.ide.mcu.externaltools.gnu-tools-for-stm32.12.3.rel1.win32_1.0.100.202403111256/tools/bin/../lib/gcc/arm-none-eabi/12.3.1/thumb/v7e-m+fp/hard/crtn.o
                0x20010000                        _estack = (ORIGIN (RAM) + LENGTH (RAM))
                0x00000200                        _Min_Heap_Size = 0x200
                0x00000400                        _Min_Stack_Size = 0x400

.isr_vector     0x08000000      0x194
                0x08000000                        . = ALIGN (0x4)
 *(.isr_vector)
 .isr_vector    0x08000000      0x194 ./Core/Startup/startup_stm32f401ccux.o
                0x08000000                g_pfnVectors
                0x08000194                        . = ALIGN (0x4)

.text           0x08000198     0xa800
                0x08000198                        . = ALIGN (0x4)
 *(.text)
 .text          0x08000198       0x40 C:/ST/STM32CubeIDE_1.15.1/STM32CubeIDE/plugins/com.st.stm32cube.ide.mcu.externaltools.gnu-tools-for-stm32.12.3.rel1.win32_1.0.100.202403111256/tools/bin/../lib/gcc/arm-none-eabi/12.3.1/thumb/v7e-m+fp/hard/crtbegin.o
 .text          0x080001d8      0x378 C:/ST/STM32CubeIDE_1.15.1/STM32CubeIDE/plugins/com.st.stm32cube.ide.mcu.externaltools.gnu-tools-for-stm32.12.3.rel1.win32_1.0.100.202403111256/tools/bin/../lib/gcc/arm-none-eabi/12.3.1/thumb/v7e-m+fp/hard\libgcc.a(_arm_addsubdf3.o)
                0x080001d8                __aeabi_drsub
                0x080001e0                __aeabi_dsub
                0x080001e0                __subdf3
                0x080001e4                __aeabi_dadd
                0x080001e4                __adddf3
                0x0800045c                __floatunsidf
                0x0800045c                __aeabi_ui2d
                0x0800047c                __floatsidf
                0x0800047c                __aeabi_i2d
                0x080004a0                __aeabi_f2d
                0x080004a0                __extendsfdf2
                0x080004e4                __floatundidf
                0x080004e4                __aeabi_ul2d
                0x080004f4                __floatdidf
                0x080004f4                __aeabi_l2d
 .text          0x08000550      0x424 C:/ST/STM32CubeIDE_1.15.1/STM32CubeIDE/plugins/com.st.stm32cube.ide.mcu.externaltools.gnu-tools-for-stm32.12.3.rel1.win32_1.0.100.202403111256/tools/bin/../lib/gcc/arm-none-eabi/12.3.1/thumb/v7e-m+fp/hard\libgcc.a(_arm_muldivdf3.o)
                0x08000550                __aeabi_dmul
                0x08000550                __muldf3
                0x080007a4                __divdf3
                0x080007a4                __aeabi_ddiv
 .text          0x08000974       0xa0 C:/ST/STM32CubeIDE_1.15.1/STM32CubeIDE/plugins/com.st.stm32cube.ide.mcu.externaltools.gnu-tools-for-stm32.12.3.rel1.win32_1.0.100.202403111256/tools/bin/../lib/gcc/arm-none-eabi/12.3.1/thumb/v7e-m+fp/hard\libgcc.a(_arm_truncdfsf2.o)
                0x08000974                __truncdfsf2
                0x08000974                __aeabi_d2f
 .text          0x08000a14       0xa0 C:/ST/STM32CubeIDE_1.15.1/STM32CubeIDE/plugins/com.st.stm32cube.ide.mcu.externaltools.gnu-tools-for-stm32.12.3.rel1.win32_1.0.100.202403111256/tools/bin/../lib/gcc/arm-none-eabi/12.3.1/thumb/v7e-m+fp/hard\libgcc.a(_aeabi_ldivmod.o)
                0x08000a14                __aeabi_ldivmod
 .text          0x08000ab4       0x30 C:/ST/STM32CubeIDE_1.15.1/STM32CubeIDE/plugins/com.st.stm32cube.ide.mcu.externaltools.gnu-tools-for-stm32.12.3.rel1.win32_1.0.100.202403111256/tools/bin/../lib/gcc/arm-none-eabi/12.3.1/thumb/v7e-m+fp/hard\libgcc.a(_aeabi_uldivmod.o)
                0x08000ab4                __aeabi_uldivmod
 .text          0x08000ae4      0x2bc C:/ST/STM32CubeIDE_1.15.1/STM32CubeIDE/plugins/com.st.stm32cube.ide.mcu.externaltools.gnu-tools-for-stm32.12.3.rel1.win32_1.0.100.202403111256/tools/bin/../lib/gcc/arm-none-eabi/12.3.1/thumb/v7e-m+fp/hard\libgcc.a(_udivmoddi4.o)
                0x08000ae4                __udivmoddi4
 .text          0x08000da0        0x4 C:/ST/STM32CubeIDE_1.15.1/STM32CubeIDE/plugins/com.st.stm32cube.ide.mcu.externaltools.gnu-tools-for-stm32.12.3.rel1.win32_1.0.100.202403111256/tools/bin/../lib/gcc/arm-none-eabi/12.3.1/thumb/v7e-m+fp/hard\libgcc.a(_dvmd_tls.o)
                0x08000da0                __aeabi_idiv0
                0x08000da0                __aeabi_ldiv0
 *(.text*)
 .text.i2c_write
                0x08000da4       0x44 ./Core/Src/MPU6050/I2C.o
                0x08000da4                i2c_write
 .text.i2c_read
                0x08000de8       0x44 ./Core/Src/MPU6050/I2C.o
                0x08000de8                i2c_read
 .text.set_int_enable
                0x08000e2c       0xb4 ./Core/Src/MPU6050/inv_mpu.o
 .text.mpu_init
                0x08000ee0      0x210 ./Core/Src/MPU6050/inv_mpu.o
                0x08000ee0                mpu_init
 .text.mpu_lp_accel_mode
                0x080010f0       0xf8 ./Core/Src/MPU6050/inv_mpu.o
                0x080010f0                mpu_lp_accel_mode
 .text.mpu_reset_fifo
                0x080011e8      0x208 ./Core/Src/MPU6050/inv_mpu.o
                0x080011e8                mpu_reset_fifo
 .text.mpu_get_gyro_fsr
                0x080013f0       0x68 ./Core/Src/MPU6050/inv_mpu.o
                0x080013f0                mpu_get_gyro_fsr
 .text.mpu_set_gyro_fsr
                0x08001458       0xa8 ./Core/Src/MPU6050/inv_mpu.o
                0x08001458                mpu_set_gyro_fsr
 .text.mpu_get_accel_fsr
                0x08001500       0x74 ./Core/Src/MPU6050/inv_mpu.o
                0x08001500                mpu_get_accel_fsr
 .text.mpu_set_accel_fsr
                0x08001574       0xd0 ./Core/Src/MPU6050/inv_mpu.o
                0x08001574                mpu_set_accel_fsr
 .text.mpu_get_lpf
                0x08001644       0x7c ./Core/Src/MPU6050/inv_mpu.o
                0x08001644                mpu_get_lpf
 .text.mpu_set_lpf
                0x080016c0       0x9c ./Core/Src/MPU6050/inv_mpu.o
                0x080016c0                mpu_set_lpf
 .text.mpu_get_sample_rate
                0x0800175c       0x34 ./Core/Src/MPU6050/inv_mpu.o
                0x0800175c                mpu_get_sample_rate
 .text.mpu_set_sample_rate
                0x08001790       0xcc ./Core/Src/MPU6050/inv_mpu.o
                0x08001790                mpu_set_sample_rate
 .text.mpu_get_gyro_sens
                0x0800185c       0x70 ./Core/Src/MPU6050/inv_mpu.o
                0x0800185c                mpu_get_gyro_sens
 .text.mpu_get_accel_sens
                0x080018cc       0x7c ./Core/Src/MPU6050/inv_mpu.o
                0x080018cc                mpu_get_accel_sens
 .text.mpu_get_fifo_config
                0x08001948       0x24 ./Core/Src/MPU6050/inv_mpu.o
                0x08001948                mpu_get_fifo_config
 .text.mpu_configure_fifo
                0x0800196c       0xa4 ./Core/Src/MPU6050/inv_mpu.o
                0x0800196c                mpu_configure_fifo
 .text.mpu_set_sensors
                0x08001a10      0x10c ./Core/Src/MPU6050/inv_mpu.o
                0x08001a10                mpu_set_sensors
 .text.mpu_read_fifo_stream
                0x08001b1c       0xfc ./Core/Src/MPU6050/inv_mpu.o
                0x08001b1c                mpu_read_fifo_stream
 .text.mpu_set_bypass
                0x08001c18      0x18c ./Core/Src/MPU6050/inv_mpu.o
                0x08001c18                mpu_set_bypass
 .text.mpu_set_int_latched
                0x08001da4       0x88 ./Core/Src/MPU6050/inv_mpu.o
                0x08001da4                mpu_set_int_latched
 .text.get_accel_prod_shift
                0x08001e2c      0x11c ./Core/Src/MPU6050/inv_mpu.o
 .text.accel_self_test
                0x08001f48      0x108 ./Core/Src/MPU6050/inv_mpu.o
 .text.gyro_self_test
                0x08002050      0x180 ./Core/Src/MPU6050/inv_mpu.o
 .text.get_st_biases
                0x080021d0      0x6e8 ./Core/Src/MPU6050/inv_mpu.o
 .text.mpu_run_self_test
                0x080028b8      0x1b8 ./Core/Src/MPU6050/inv_mpu.o
                0x080028b8                mpu_run_self_test
 .text.mpu_write_mem
                0x08002a70       0xa4 ./Core/Src/MPU6050/inv_mpu.o
                0x08002a70                mpu_write_mem
 .text.mpu_read_mem
                0x08002b14       0xa4 ./Core/Src/MPU6050/inv_mpu.o
                0x08002b14                mpu_read_mem
 .text.mpu_load_firmware
                0x08002bb8       0xfc ./Core/Src/MPU6050/inv_mpu.o
                0x08002bb8                mpu_load_firmware
 .text.mpu_set_dmp_state
                0x08002cb4       0xa8 ./Core/Src/MPU6050/inv_mpu.o
                0x08002cb4                mpu_set_dmp_state
 .text.dmp_load_motion_driver_firmware
                0x08002d5c       0x20 ./Core/Src/MPU6050/inv_mpu_dmp_motion_driver.o
                0x08002d5c                dmp_load_motion_driver_firmware
 .text.dmp_set_orientation
                0x08002d7c      0x1d8 ./Core/Src/MPU6050/inv_mpu_dmp_motion_driver.o
                0x08002d7c                dmp_set_orientation
 .text.dmp_set_gyro_bias
                0x08002f54      0x214 ./Core/Src/MPU6050/inv_mpu_dmp_motion_driver.o
                0x08002f54                dmp_set_gyro_bias
 .text.dmp_set_accel_bias
                0x08003168      0x204 ./Core/Src/MPU6050/inv_mpu_dmp_motion_driver.o
                0x08003168                dmp_set_accel_bias
 .text.dmp_set_fifo_rate
                0x0800336c       0x90 ./Core/Src/MPU6050/inv_mpu_dmp_motion_driver.o
                0x0800336c                dmp_set_fifo_rate
 .text.dmp_set_tap_thresh
                0x080033fc      0x26c ./Core/Src/MPU6050/inv_mpu_dmp_motion_driver.o
                0x080033fc                dmp_set_tap_thresh
 .text.dmp_set_tap_axes
                0x08003668       0x64 ./Core/Src/MPU6050/inv_mpu_dmp_motion_driver.o
                0x08003668                dmp_set_tap_axes
 .text.dmp_set_tap_count
                0x080036cc       0x42 ./Core/Src/MPU6050/inv_mpu_dmp_motion_driver.o
                0x080036cc                dmp_set_tap_count
 *fill*         0x0800370e        0x2 
 .text.dmp_set_tap_time
                0x08003710       0x44 ./Core/Src/MPU6050/inv_mpu_dmp_motion_driver.o
                0x08003710                dmp_set_tap_time
 .text.dmp_set_tap_time_multi
                0x08003754       0x44 ./Core/Src/MPU6050/inv_mpu_dmp_motion_driver.o
                0x08003754                dmp_set_tap_time_multi
 .text.dmp_set_shake_reject_thresh
                0x08003798       0x60 ./Core/Src/MPU6050/inv_mpu_dmp_motion_driver.o
                0x08003798                dmp_set_shake_reject_thresh
 .text.dmp_set_shake_reject_time
                0x080037f8       0x44 ./Core/Src/MPU6050/inv_mpu_dmp_motion_driver.o
                0x080037f8                dmp_set_shake_reject_time
 .text.dmp_set_shake_reject_timeout
                0x0800383c       0x44 ./Core/Src/MPU6050/inv_mpu_dmp_motion_driver.o
                0x0800383c                dmp_set_shake_reject_timeout
 .text.dmp_enable_feature
                0x08003880      0x250 ./Core/Src/MPU6050/inv_mpu_dmp_motion_driver.o
                0x08003880                dmp_enable_feature
 .text.dmp_enable_gyro_cal
                0x08003ad0       0x60 ./Core/Src/MPU6050/inv_mpu_dmp_motion_driver.o
                0x08003ad0                dmp_enable_gyro_cal
 .text.dmp_enable_lp_quat
                0x08003b30       0x4e ./Core/Src/MPU6050/inv_mpu_dmp_motion_driver.o
                0x08003b30                dmp_enable_lp_quat
 .text.dmp_enable_6x_lp_quat
                0x08003b7e       0x4e ./Core/Src/MPU6050/inv_mpu_dmp_motion_driver.o
                0x08003b7e                dmp_enable_6x_lp_quat
 .text.decode_gesture
                0x08003bcc       0x88 ./Core/Src/MPU6050/inv_mpu_dmp_motion_driver.o
 .text.dmp_read_fifo
                0x08003c54      0x2dc ./Core/Src/MPU6050/inv_mpu_dmp_motion_driver.o
                0x08003c54                dmp_read_fifo
 .text.__NVIC_SystemReset
                0x08003f30       0x2c ./Core/Src/MPU6050/mpu6050.o
 .text.inv_row_2_scale
                0x08003f5c       0x82 ./Core/Src/MPU6050/mpu6050.o
 .text.inv_orientation_matrix_to_scalar
                0x08003fde       0x50 ./Core/Src/MPU6050/mpu6050.o
 .text.run_self_test
                0x0800402e       0xbe ./Core/Src/MPU6050/mpu6050.o
 .text.MPU6050_getDeviceID
                0x080040ec       0x28 ./Core/Src/MPU6050/mpu6050.o
                0x080040ec                MPU6050_getDeviceID
 .text.DMP_Init
                0x08004114       0x64 ./Core/Src/MPU6050/mpu6050.o
                0x08004114                DMP_Init
 .text.Read_DMP
                0x08004178      0x2b0 ./Core/Src/MPU6050/mpu6050.o
                0x08004178                Read_DMP
 .text.Calubration_DMP
                0x08004428      0x138 ./Core/Src/MPU6050/mpu6050.o
                0x08004428                Calubration_DMP
 .text.DMP_get_gyro_offsets
                0x08004560       0xe0 ./Core/Src/MPU6050/mpu6050.o
                0x08004560                DMP_get_gyro_offsets
 .text.initializePID
                0x08004640       0x90 ./Core/Src/PID/PID.o
                0x08004640                initializePID
 .text.updatePID
                0x080046d0      0x210 ./Core/Src/PID/PID.o
                0x080046d0                updatePID
 .text.main     0x080048e0      0x9d4 ./Core/Src/main.o
                0x080048e0                main
 .text.SystemClock_Config
                0x080052b4       0xd4 ./Core/Src/main.o
                0x080052b4                SystemClock_Config
 .text.MX_I2C1_Init
                0x08005388       0x5c ./Core/Src/main.o
 .text.MX_TIM1_Init
                0x080053e4      0x12c ./Core/Src/main.o
 .text.MX_TIM3_Init
                0x08005510      0x134 ./Core/Src/main.o
 .text.MX_USART2_UART_Init
                0x08005644       0x54 ./Core/Src/main.o
 .text.MX_GPIO_Init
                0x08005698       0x88 ./Core/Src/main.o
 .text.HAL_TIM_IC_CaptureCallback
                0x08005720      0x32c ./Core/Src/main.o
                0x08005720                HAL_TIM_IC_CaptureCallback
 .text.Error_Handler
                0x08005a4c        0xc ./Core/Src/main.o
                0x08005a4c                Error_Handler
 .text.HAL_MspInit
                0x08005a58       0x50 ./Core/Src/stm32f4xx_hal_msp.o
                0x08005a58                HAL_MspInit
 .text.HAL_I2C_MspInit
                0x08005aa8       0x90 ./Core/Src/stm32f4xx_hal_msp.o
                0x08005aa8                HAL_I2C_MspInit
 .text.HAL_TIM_Base_MspInit
                0x08005b38       0xcc ./Core/Src/stm32f4xx_hal_msp.o
                0x08005b38                HAL_TIM_Base_MspInit
 .text.HAL_TIM_MspPostInit
                0x08005c04       0xb4 ./Core/Src/stm32f4xx_hal_msp.o
                0x08005c04                HAL_TIM_MspPostInit
 .text.HAL_UART_MspInit
                0x08005cb8       0xa0 ./Core/Src/stm32f4xx_hal_msp.o
                0x08005cb8                HAL_UART_MspInit
 .text.NMI_Handler
                0x08005d58        0x8 ./Core/Src/stm32f4xx_it.o
                0x08005d58                NMI_Handler
 .text.HardFault_Handler
                0x08005d60        0x8 ./Core/Src/stm32f4xx_it.o
                0x08005d60                HardFault_Handler
 .text.MemManage_Handler
                0x08005d68        0x8 ./Core/Src/stm32f4xx_it.o
                0x08005d68                MemManage_Handler
 .text.BusFault_Handler
                0x08005d70        0x8 ./Core/Src/stm32f4xx_it.o
                0x08005d70                BusFault_Handler
 .text.UsageFault_Handler
                0x08005d78        0x8 ./Core/Src/stm32f4xx_it.o
                0x08005d78                UsageFault_Handler
 .text.SVC_Handler
                0x08005d80        0xe ./Core/Src/stm32f4xx_it.o
                0x08005d80                SVC_Handler
 .text.DebugMon_Handler
                0x08005d8e        0xe ./Core/Src/stm32f4xx_it.o
                0x08005d8e                DebugMon_Handler
 .text.PendSV_Handler
                0x08005d9c        0xe ./Core/Src/stm32f4xx_it.o
                0x08005d9c                PendSV_Handler
 .text.SysTick_Handler
                0x08005daa        0xc ./Core/Src/stm32f4xx_it.o
                0x08005daa                SysTick_Handler
 *fill*         0x08005db6        0x2 
 .text.TIM1_CC_IRQHandler
                0x08005db8       0x14 ./Core/Src/stm32f4xx_it.o
                0x08005db8                TIM1_CC_IRQHandler
 .text.USART2_IRQHandler
                0x08005dcc       0x14 ./Core/Src/stm32f4xx_it.o
                0x08005dcc                USART2_IRQHandler
 .text.SystemInit
                0x08005de0       0x24 ./Core/Src/system_stm32f4xx.o
                0x08005de0                SystemInit
 .text.HAL_UART_RxCpltCallback
                0x08005e04       0x50 ./Core/Src/usart/usart.o
                0x08005e04                HAL_UART_RxCpltCallback
 .text.HAL_UART_TxCpltCallback
                0x08005e54       0x16 ./Core/Src/usart/usart.o
                0x08005e54                HAL_UART_TxCpltCallback
 *fill*         0x08005e6a        0x2 
 .text.Reset_Handler
                0x08005e6c       0x50 ./Core/Startup/startup_stm32f401ccux.o
                0x08005e6c                Reset_Handler
 .text.Default_Handler
                0x08005ebc        0x2 ./Core/Startup/startup_stm32f401ccux.o
                0x08005ebc                RTC_Alarm_IRQHandler
                0x08005ebc                EXTI2_IRQHandler
                0x08005ebc                SPI4_IRQHandler
                0x08005ebc                DMA2_Stream5_IRQHandler
                0x08005ebc                DMA1_Stream5_IRQHandler
                0x08005ebc                PVD_IRQHandler
                0x08005ebc                SDIO_IRQHandler
                0x08005ebc                TAMP_STAMP_IRQHandler
                0x08005ebc                EXTI3_IRQHandler
                0x08005ebc                TIM1_UP_TIM10_IRQHandler
                0x08005ebc                I2C3_ER_IRQHandler
                0x08005ebc                EXTI0_IRQHandler
                0x08005ebc                I2C2_EV_IRQHandler
                0x08005ebc                DMA1_Stream2_IRQHandler
                0x08005ebc                FPU_IRQHandler
                0x08005ebc                DMA2_Stream2_IRQHandler
                0x08005ebc                SPI1_IRQHandler
                0x08005ebc                TIM1_BRK_TIM9_IRQHandler
                0x08005ebc                DMA2_Stream3_IRQHandler
                0x08005ebc                USART6_IRQHandler
                0x08005ebc                DMA2_Stream0_IRQHandler
                0x08005ebc                TIM4_IRQHandler
                0x08005ebc                I2C1_EV_IRQHandler
                0x08005ebc                DMA1_Stream6_IRQHandler
                0x08005ebc                DMA1_Stream1_IRQHandler
                0x08005ebc                TIM3_IRQHandler
                0x08005ebc                RCC_IRQHandler
                0x08005ebc                Default_Handler
                0x08005ebc                EXTI15_10_IRQHandler
                0x08005ebc                ADC_IRQHandler
                0x08005ebc                DMA1_Stream7_IRQHandler
                0x08005ebc                TIM5_IRQHandler
                0x08005ebc                DMA2_Stream7_IRQHandler
                0x08005ebc                I2C3_EV_IRQHandler
                0x08005ebc                EXTI9_5_IRQHandler
                0x08005ebc                RTC_WKUP_IRQHandler
                0x08005ebc                SPI2_IRQHandler
                0x08005ebc                DMA1_Stream0_IRQHandler
                0x08005ebc                EXTI4_IRQHandler
                0x08005ebc                WWDG_IRQHandler
                0x08005ebc                TIM2_IRQHandler
                0x08005ebc                OTG_FS_WKUP_IRQHandler
                0x08005ebc                TIM1_TRG_COM_TIM11_IRQHandler
                0x08005ebc                EXTI1_IRQHandler
                0x08005ebc                I2C2_ER_IRQHandler
                0x08005ebc                DMA2_Stream1_IRQHandler
                0x08005ebc                FLASH_IRQHandler
                0x08005ebc                DMA2_Stream4_IRQHandler
                0x08005ebc                USART1_IRQHandler
                0x08005ebc                OTG_FS_IRQHandler
                0x08005ebc                SPI3_IRQHandler
                0x08005ebc                DMA1_Stream4_IRQHandler
                0x08005ebc                I2C1_ER_IRQHandler
                0x08005ebc                DMA2_Stream6_IRQHandler
                0x08005ebc                DMA1_Stream3_IRQHandler
 *fill*         0x08005ebe        0x2 
 .text.HAL_Init
                0x08005ec0       0x44 ./Drivers/STM32F4xx_HAL_Driver/Src/stm32f4xx_hal.o
                0x08005ec0                HAL_Init
 .text.HAL_InitTick
                0x08005f04       0x60 ./Drivers/STM32F4xx_HAL_Driver/Src/stm32f4xx_hal.o
                0x08005f04                HAL_InitTick
 .text.HAL_IncTick
                0x08005f64       0x28 ./Drivers/STM32F4xx_HAL_Driver/Src/stm32f4xx_hal.o
                0x08005f64                HAL_IncTick
 .text.HAL_GetTick
                0x08005f8c       0x18 ./Drivers/STM32F4xx_HAL_Driver/Src/stm32f4xx_hal.o
                0x08005f8c                HAL_GetTick
 .text.HAL_Delay
                0x08005fa4       0x48 ./Drivers/STM32F4xx_HAL_Driver/Src/stm32f4xx_hal.o
                0x08005fa4                HAL_Delay
 .text.__NVIC_SetPriorityGrouping
                0x08005fec       0x48 ./Drivers/STM32F4xx_HAL_Driver/Src/stm32f4xx_hal_cortex.o
 .text.__NVIC_GetPriorityGrouping
                0x08006034       0x1c ./Drivers/STM32F4xx_HAL_Driver/Src/stm32f4xx_hal_cortex.o
 .text.__NVIC_EnableIRQ
                0x08006050       0x3c ./Drivers/STM32F4xx_HAL_Driver/Src/stm32f4xx_hal_cortex.o
 .text.__NVIC_SetPriority
                0x0800608c       0x54 ./Drivers/STM32F4xx_HAL_Driver/Src/stm32f4xx_hal_cortex.o
 .text.NVIC_EncodePriority
                0x080060e0       0x66 ./Drivers/STM32F4xx_HAL_Driver/Src/stm32f4xx_hal_cortex.o
 *fill*         0x08006146        0x2 
 .text.SysTick_Config
                0x08006148       0x44 ./Drivers/STM32F4xx_HAL_Driver/Src/stm32f4xx_hal_cortex.o
 .text.HAL_NVIC_SetPriorityGrouping
                0x0800618c       0x16 ./Drivers/STM32F4xx_HAL_Driver/Src/stm32f4xx_hal_cortex.o
                0x0800618c                HAL_NVIC_SetPriorityGrouping
 .text.HAL_NVIC_SetPriority
                0x080061a2       0x38 ./Drivers/STM32F4xx_HAL_Driver/Src/stm32f4xx_hal_cortex.o
                0x080061a2                HAL_NVIC_SetPriority
 .text.HAL_NVIC_EnableIRQ
                0x080061da       0x1c ./Drivers/STM32F4xx_HAL_Driver/Src/stm32f4xx_hal_cortex.o
                0x080061da                HAL_NVIC_EnableIRQ
 .text.HAL_SYSTICK_Config
                0x080061f6       0x18 ./Drivers/STM32F4xx_HAL_Driver/Src/stm32f4xx_hal_cortex.o
                0x080061f6                HAL_SYSTICK_Config
 .text.HAL_DMA_Abort
                0x0800620e       0xe0 ./Drivers/STM32F4xx_HAL_Driver/Src/stm32f4xx_hal_dma.o
                0x0800620e                HAL_DMA_Abort
 .text.HAL_DMA_Abort_IT
                0x080062ee       0x44 ./Drivers/STM32F4xx_HAL_Driver/Src/stm32f4xx_hal_dma.o
                0x080062ee                HAL_DMA_Abort_IT
 *fill*         0x08006332        0x2 
 .text.HAL_GPIO_Init
                0x08006334      0x308 ./Drivers/STM32F4xx_HAL_Driver/Src/stm32f4xx_hal_gpio.o
                0x08006334                HAL_GPIO_Init
 .text.HAL_GPIO_WritePin
                0x0800663c       0x32 ./Drivers/STM32F4xx_HAL_Driver/Src/stm32f4xx_hal_gpio.o
                0x0800663c                HAL_GPIO_WritePin
 *fill*         0x0800666e        0x2 
 .text.HAL_I2C_Init
                0x08006670      0x288 ./Drivers/STM32F4xx_HAL_Driver/Src/stm32f4xx_hal_i2c.o
                0x08006670                HAL_I2C_Init
 .text.HAL_I2C_Mem_Write
                0x080068f8      0x1f4 ./Drivers/STM32F4xx_HAL_Driver/Src/stm32f4xx_hal_i2c.o
                0x080068f8                HAL_I2C_Mem_Write
 .text.HAL_I2C_Mem_Read
                0x08006aec      0x464 ./Drivers/STM32F4xx_HAL_Driver/Src/stm32f4xx_hal_i2c.o
                0x08006aec                HAL_I2C_Mem_Read
 .text.I2C_RequestMemoryWrite
                0x08006f50      0x12c ./Drivers/STM32F4xx_HAL_Driver/Src/stm32f4xx_hal_i2c.o
 .text.I2C_RequestMemoryRead
                0x0800707c      0x1d0 ./Drivers/STM32F4xx_HAL_Driver/Src/stm32f4xx_hal_i2c.o
 .text.I2C_WaitOnFlagUntilTimeout
                0x0800724c       0xf4 ./Drivers/STM32F4xx_HAL_Driver/Src/stm32f4xx_hal_i2c.o
 .text.I2C_WaitOnMasterAddressFlagUntilTimeout
                0x08007340      0x140 ./Drivers/STM32F4xx_HAL_Driver/Src/stm32f4xx_hal_i2c.o
 .text.I2C_WaitOnTXEFlagUntilTimeout
                0x08007480       0x90 ./Drivers/STM32F4xx_HAL_Driver/Src/stm32f4xx_hal_i2c.o
 .text.I2C_WaitOnBTFFlagUntilTimeout
                0x08007510       0x90 ./Drivers/STM32F4xx_HAL_Driver/Src/stm32f4xx_hal_i2c.o
 .text.I2C_WaitOnRXNEFlagUntilTimeout
                0x080075a0       0xba ./Drivers/STM32F4xx_HAL_Driver/Src/stm32f4xx_hal_i2c.o
 .text.I2C_IsAcknowledgeFailed
                0x0800765a       0x5e ./Drivers/STM32F4xx_HAL_Driver/Src/stm32f4xx_hal_i2c.o
 .text.HAL_RCC_OscConfig
                0x080076b8      0x4f0 ./Drivers/STM32F4xx_HAL_Driver/Src/stm32f4xx_hal_rcc.o
                0x080076b8                HAL_RCC_OscConfig
 .text.HAL_RCC_ClockConfig
                0x08007ba8      0x1cc ./Drivers/STM32F4xx_HAL_Driver/Src/stm32f4xx_hal_rcc.o
                0x08007ba8                HAL_RCC_ClockConfig
 .text.HAL_RCC_GetSysClockFreq
                0x08007d74      0x18c ./Drivers/STM32F4xx_HAL_Driver/Src/stm32f4xx_hal_rcc.o
                0x08007d74                HAL_RCC_GetSysClockFreq
 .text.HAL_RCC_GetHCLKFreq
                0x08007f00       0x18 ./Drivers/STM32F4xx_HAL_Driver/Src/stm32f4xx_hal_rcc.o
                0x08007f00                HAL_RCC_GetHCLKFreq
 .text.HAL_RCC_GetPCLK1Freq
                0x08007f18       0x28 ./Drivers/STM32F4xx_HAL_Driver/Src/stm32f4xx_hal_rcc.o
                0x08007f18                HAL_RCC_GetPCLK1Freq
 .text.HAL_RCC_GetPCLK2Freq
                0x08007f40       0x28 ./Drivers/STM32F4xx_HAL_Driver/Src/stm32f4xx_hal_rcc.o
                0x08007f40                HAL_RCC_GetPCLK2Freq
 .text.HAL_TIM_Base_Init
                0x08007f68       0x9e ./Drivers/STM32F4xx_HAL_Driver/Src/stm32f4xx_hal_tim.o
                0x08007f68                HAL_TIM_Base_Init
 .text.HAL_TIM_PWM_Init
                0x08008006       0x9e ./Drivers/STM32F4xx_HAL_Driver/Src/stm32f4xx_hal_tim.o
                0x08008006                HAL_TIM_PWM_Init
 .text.HAL_TIM_PWM_MspInit
                0x080080a4       0x14 ./Drivers/STM32F4xx_HAL_Driver/Src/stm32f4xx_hal_tim.o
                0x080080a4                HAL_TIM_PWM_MspInit
 .text.HAL_TIM_PWM_Start
                0x080080b8      0x160 ./Drivers/STM32F4xx_HAL_Driver/Src/stm32f4xx_hal_tim.o
                0x080080b8                HAL_TIM_PWM_Start
 .text.HAL_TIM_IC_Init
                0x08008218       0x9e ./Drivers/STM32F4xx_HAL_Driver/Src/stm32f4xx_hal_tim.o
                0x08008218                HAL_TIM_IC_Init
 .text.HAL_TIM_IC_MspInit
                0x080082b6       0x14 ./Drivers/STM32F4xx_HAL_Driver/Src/stm32f4xx_hal_tim.o
                0x080082b6                HAL_TIM_IC_MspInit
 *fill*         0x080082ca        0x2 
 .text.HAL_TIM_IC_Start_IT
                0x080082cc      0x234 ./Drivers/STM32F4xx_HAL_Driver/Src/stm32f4xx_hal_tim.o
                0x080082cc                HAL_TIM_IC_Start_IT
 .text.HAL_TIM_IRQHandler
                0x08008500      0x1e0 ./Drivers/STM32F4xx_HAL_Driver/Src/stm32f4xx_hal_tim.o
                0x08008500                HAL_TIM_IRQHandler
 .text.HAL_TIM_IC_ConfigChannel
                0x080086e0      0x138 ./Drivers/STM32F4xx_HAL_Driver/Src/stm32f4xx_hal_tim.o
                0x080086e0                HAL_TIM_IC_ConfigChannel
 .text.HAL_TIM_PWM_ConfigChannel
                0x08008818      0x184 ./Drivers/STM32F4xx_HAL_Driver/Src/stm32f4xx_hal_tim.o
                0x08008818                HAL_TIM_PWM_ConfigChannel
 .text.HAL_TIM_ConfigClockSource
                0x0800899c      0x18e ./Drivers/STM32F4xx_HAL_Driver/Src/stm32f4xx_hal_tim.o
                0x0800899c                HAL_TIM_ConfigClockSource
 *fill*         0x08008b2a        0x2 
 .text.HAL_TIM_ReadCapturedValue
                0x08008b2c       0x88 ./Drivers/STM32F4xx_HAL_Driver/Src/stm32f4xx_hal_tim.o
                0x08008b2c                HAL_TIM_ReadCapturedValue
 .text.HAL_TIM_PeriodElapsedCallback
                0x08008bb4       0x14 ./Drivers/STM32F4xx_HAL_Driver/Src/stm32f4xx_hal_tim.o
                0x08008bb4                HAL_TIM_PeriodElapsedCallback
 .text.HAL_TIM_OC_DelayElapsedCallback
                0x08008bc8       0x14 ./Drivers/STM32F4xx_HAL_Driver/Src/stm32f4xx_hal_tim.o
                0x08008bc8                HAL_TIM_OC_DelayElapsedCallback
 .text.HAL_TIM_PWM_PulseFinishedCallback
                0x08008bdc       0x14 ./Drivers/STM32F4xx_HAL_Driver/Src/stm32f4xx_hal_tim.o
                0x08008bdc                HAL_TIM_PWM_PulseFinishedCallback
 .text.HAL_TIM_TriggerCallback
                0x08008bf0       0x14 ./Drivers/STM32F4xx_HAL_Driver/Src/stm32f4xx_hal_tim.o
                0x08008bf0                HAL_TIM_TriggerCallback
 .text.TIM_Base_SetConfig
                0x08008c04      0x118 ./Drivers/STM32F4xx_HAL_Driver/Src/stm32f4xx_hal_tim.o
                0x08008c04                TIM_Base_SetConfig
 .text.TIM_OC1_SetConfig
                0x08008d1c       0xcc ./Drivers/STM32F4xx_HAL_Driver/Src/stm32f4xx_hal_tim.o
 .text.TIM_OC2_SetConfig
                0x08008de8       0xd8 ./Drivers/STM32F4xx_HAL_Driver/Src/stm32f4xx_hal_tim.o
                0x08008de8                TIM_OC2_SetConfig
 .text.TIM_OC3_SetConfig
                0x08008ec0       0xd4 ./Drivers/STM32F4xx_HAL_Driver/Src/stm32f4xx_hal_tim.o
 .text.TIM_OC4_SetConfig
                0x08008f94       0xa0 ./Drivers/STM32F4xx_HAL_Driver/Src/stm32f4xx_hal_tim.o
 .text.TIM_TI1_SetConfig
                0x08009034       0xd0 ./Drivers/STM32F4xx_HAL_Driver/Src/stm32f4xx_hal_tim.o
                0x08009034                TIM_TI1_SetConfig
 .text.TIM_TI1_ConfigInputStage
                0x08009104       0x5e ./Drivers/STM32F4xx_HAL_Driver/Src/stm32f4xx_hal_tim.o
 .text.TIM_TI2_SetConfig
                0x08009162       0x7a ./Drivers/STM32F4xx_HAL_Driver/Src/stm32f4xx_hal_tim.o
 .text.TIM_TI2_ConfigInputStage
                0x080091dc       0x60 ./Drivers/STM32F4xx_HAL_Driver/Src/stm32f4xx_hal_tim.o
 .text.TIM_TI3_SetConfig
                0x0800923c       0x78 ./Drivers/STM32F4xx_HAL_Driver/Src/stm32f4xx_hal_tim.o
 .text.TIM_TI4_SetConfig
                0x080092b4       0x7a ./Drivers/STM32F4xx_HAL_Driver/Src/stm32f4xx_hal_tim.o
 .text.TIM_ITRx_SetConfig
                0x0800932e       0x36 ./Drivers/STM32F4xx_HAL_Driver/Src/stm32f4xx_hal_tim.o
 .text.TIM_ETR_SetConfig
                0x08009364       0x40 ./Drivers/STM32F4xx_HAL_Driver/Src/stm32f4xx_hal_tim.o
                0x08009364                TIM_ETR_SetConfig
 .text.TIM_CCxChannelCmd
                0x080093a4       0x4a ./Drivers/STM32F4xx_HAL_Driver/Src/stm32f4xx_hal_tim.o
                0x080093a4                TIM_CCxChannelCmd
 *fill*         0x080093ee        0x2 
 .text.HAL_TIMEx_MasterConfigSynchronization
                0x080093f0       0xdc ./Drivers/STM32F4xx_HAL_Driver/Src/stm32f4xx_hal_tim_ex.o
                0x080093f0                HAL_TIMEx_MasterConfigSynchronization
 .text.HAL_TIMEx_CommutCallback
                0x080094cc       0x14 ./Drivers/STM32F4xx_HAL_Driver/Src/stm32f4xx_hal_tim_ex.o
                0x080094cc                HAL_TIMEx_CommutCallback
 .text.HAL_TIMEx_BreakCallback
                0x080094e0       0x14 ./Drivers/STM32F4xx_HAL_Driver/Src/stm32f4xx_hal_tim_ex.o
                0x080094e0                HAL_TIMEx_BreakCallback
 .text.HAL_UART_Init
                0x080094f4       0xa0 ./Drivers/STM32F4xx_HAL_Driver/Src/stm32f4xx_hal_uart.o
                0x080094f4                HAL_UART_Init
 .text.HAL_UART_Receive_IT
                0x08009594       0x4a ./Drivers/STM32F4xx_HAL_Driver/Src/stm32f4xx_hal_uart.o
                0x08009594                HAL_UART_Receive_IT
 *fill*         0x080095de        0x2 
 .text.HAL_UART_IRQHandler
                0x080095e0      0x524 ./Drivers/STM32F4xx_HAL_Driver/Src/stm32f4xx_hal_uart.o
                0x080095e0                HAL_UART_IRQHandler
 .text.HAL_UART_ErrorCallback
                0x08009b04       0x14 ./Drivers/STM32F4xx_HAL_Driver/Src/stm32f4xx_hal_uart.o
                0x08009b04                HAL_UART_ErrorCallback
 .text.HAL_UARTEx_RxEventCallback
                0x08009b18       0x18 ./Drivers/STM32F4xx_HAL_Driver/Src/stm32f4xx_hal_uart.o
                0x08009b18                HAL_UARTEx_RxEventCallback
 .text.UART_Start_Receive_IT
                0x08009b30       0x74 ./Drivers/STM32F4xx_HAL_Driver/Src/stm32f4xx_hal_uart.o
                0x08009b30                UART_Start_Receive_IT
 .text.UART_EndRxTransfer
                0x08009ba4       0xc6 ./Drivers/STM32F4xx_HAL_Driver/Src/stm32f4xx_hal_uart.o
 .text.UART_DMAAbortOnError
                0x08009c6a       0x28 ./Drivers/STM32F4xx_HAL_Driver/Src/stm32f4xx_hal_uart.o
 .text.UART_Transmit_IT
                0x08009c92       0xa0 ./Drivers/STM32F4xx_HAL_Driver/Src/stm32f4xx_hal_uart.o
 .text.UART_EndTransmit_IT
                0x08009d32       0x30 ./Drivers/STM32F4xx_HAL_Driver/Src/stm32f4xx_hal_uart.o
 .text.UART_Receive_IT
                0x08009d62      0x17c ./Drivers/STM32F4xx_HAL_Driver/Src/stm32f4xx_hal_uart.o
 *fill*         0x08009ede        0x2 
 .text.UART_SetConfig
                0x08009ee0      0x4e8 ./Drivers/STM32F4xx_HAL_Driver/Src/stm32f4xx_hal_uart.o
 .text.memcmp   0x0800a3c8       0x20 C:/ST/STM32CubeIDE_1.15.1/STM32CubeIDE/plugins/com.st.stm32cube.ide.mcu.externaltools.gnu-tools-for-stm32.12.3.rel1.win32_1.0.100.202403111256/tools/bin/../lib/gcc/arm-none-eabi/12.3.1/../../../../arm-none-eabi/lib/thumb/v7e-m+fp/hard\libc_nano.a(libc_a-memcmp.o)
                0x0800a3c8                memcmp
 .text.memset   0x0800a3e8       0x10 C:/ST/STM32CubeIDE_1.15.1/STM32CubeIDE/plugins/com.st.stm32cube.ide.mcu.externaltools.gnu-tools-for-stm32.12.3.rel1.win32_1.0.100.202403111256/tools/bin/../lib/gcc/arm-none-eabi/12.3.1/../../../../arm-none-eabi/lib/thumb/v7e-m+fp/hard\libc_nano.a(libc_a-memset.o)
                0x0800a3e8                memset
 .text.__errno  0x0800a3f8        0xc C:/ST/STM32CubeIDE_1.15.1/STM32CubeIDE/plugins/com.st.stm32cube.ide.mcu.externaltools.gnu-tools-for-stm32.12.3.rel1.win32_1.0.100.202403111256/tools/bin/../lib/gcc/arm-none-eabi/12.3.1/../../../../arm-none-eabi/lib/thumb/v7e-m+fp/hard\libc_nano.a(libc_a-errno.o)
                0x0800a3f8                __errno
 .text.__libc_init_array
                0x0800a404       0x48 C:/ST/STM32CubeIDE_1.15.1/STM32CubeIDE/plugins/com.st.stm32cube.ide.mcu.externaltools.gnu-tools-for-stm32.12.3.rel1.win32_1.0.100.202403111256/tools/bin/../lib/gcc/arm-none-eabi/12.3.1/../../../../arm-none-eabi/lib/thumb/v7e-m+fp/hard\libc_nano.a(libc_a-init.o)
                0x0800a404                __libc_init_array
 .text.asinf    0x0800a44c       0x58 C:/ST/STM32CubeIDE_1.15.1/STM32CubeIDE/plugins/com.st.stm32cube.ide.mcu.externaltools.gnu-tools-for-stm32.12.3.rel1.win32_1.0.100.202403111256/tools/bin/../lib/gcc/arm-none-eabi/12.3.1/../../../../arm-none-eabi/lib/thumb/v7e-m+fp/hard\libm.a(libm_a-wf_asin.o)
                0x0800a44c                asinf
 .text.atan2f   0x0800a4a4        0x4 C:/ST/STM32CubeIDE_1.15.1/STM32CubeIDE/plugins/com.st.stm32cube.ide.mcu.externaltools.gnu-tools-for-stm32.12.3.rel1.win32_1.0.100.202403111256/tools/bin/../lib/gcc/arm-none-eabi/12.3.1/../../../../arm-none-eabi/lib/thumb/v7e-m+fp/hard\libm.a(libm_a-wf_atan2.o)
                0x0800a4a4                atan2f
 .text.fabsf    0x0800a4a8        0xe C:/ST/STM32CubeIDE_1.15.1/STM32CubeIDE/plugins/com.st.stm32cube.ide.mcu.externaltools.gnu-tools-for-stm32.12.3.rel1.win32_1.0.100.202403111256/tools/bin/../lib/gcc/arm-none-eabi/12.3.1/../../../../arm-none-eabi/lib/thumb/v7e-m+fp/hard\libm.a(libm_a-sf_fabs.o)
                0x0800a4a8                fabsf
 *fill*         0x0800a4b6        0x2 
 .text.nanf     0x0800a4b8        0xc C:/ST/STM32CubeIDE_1.15.1/STM32CubeIDE/plugins/com.st.stm32cube.ide.mcu.externaltools.gnu-tools-for-stm32.12.3.rel1.win32_1.0.100.202403111256/tools/bin/../lib/gcc/arm-none-eabi/12.3.1/../../../../arm-none-eabi/lib/thumb/v7e-m+fp/hard\libm.a(libm_a-sf_nan.o)
                0x0800a4b8                nanf
 .text.__ieee754_asinf
                0x0800a4c4      0x1cc C:/ST/STM32CubeIDE_1.15.1/STM32CubeIDE/plugins/com.st.stm32cube.ide.mcu.externaltools.gnu-tools-for-stm32.12.3.rel1.win32_1.0.100.202403111256/tools/bin/../lib/gcc/arm-none-eabi/12.3.1/../../../../arm-none-eabi/lib/thumb/v7e-m+fp/hard\libm.a(libm_a-ef_asin.o)
                0x0800a4c4                __ieee754_asinf
 .text.__ieee754_atan2f
                0x0800a690      0x140 C:/ST/STM32CubeIDE_1.15.1/STM32CubeIDE/plugins/com.st.stm32cube.ide.mcu.externaltools.gnu-tools-for-stm32.12.3.rel1.win32_1.0.100.202403111256/tools/bin/../lib/gcc/arm-none-eabi/12.3.1/../../../../arm-none-eabi/lib/thumb/v7e-m+fp/hard\libm.a(libm_a-ef_atan2.o)
                0x0800a690                __ieee754_atan2f
 .text.atanf    0x0800a7d0      0x1a8 C:/ST/STM32CubeIDE_1.15.1/STM32CubeIDE/plugins/com.st.stm32cube.ide.mcu.externaltools.gnu-tools-for-stm32.12.3.rel1.win32_1.0.100.202403111256/tools/bin/../lib/gcc/arm-none-eabi/12.3.1/../../../../arm-none-eabi/lib/thumb/v7e-m+fp/hard\libm.a(libm_a-sf_atan.o)
                0x0800a7d0                atanf
 .text.__ieee754_sqrtf
                0x0800a978        0x6 C:/ST/STM32CubeIDE_1.15.1/STM32CubeIDE/plugins/com.st.stm32cube.ide.mcu.externaltools.gnu-tools-for-stm32.12.3.rel1.win32_1.0.100.202403111256/tools/bin/../lib/gcc/arm-none-eabi/12.3.1/../../../../arm-none-eabi/lib/thumb/v7e-m+fp/hard\libm.a(libm_a-ef_sqrt.o)
                0x0800a978                __ieee754_sqrtf
 *(.glue_7)
 .glue_7        0x0800a97e        0x0 linker stubs
 *(.glue_7t)
 .glue_7t       0x0800a97e        0x0 linker stubs
 *(.eh_frame)
 *fill*         0x0800a97e        0x2 
 .eh_frame      0x0800a980        0x0 C:/ST/STM32CubeIDE_1.15.1/STM32CubeIDE/plugins/com.st.stm32cube.ide.mcu.externaltools.gnu-tools-for-stm32.12.3.rel1.win32_1.0.100.202403111256/tools/bin/../lib/gcc/arm-none-eabi/12.3.1/thumb/v7e-m+fp/hard/crtbegin.o
 *(.init)
 .init          0x0800a980        0x4 C:/ST/STM32CubeIDE_1.15.1/STM32CubeIDE/plugins/com.st.stm32cube.ide.mcu.externaltools.gnu-tools-for-stm32.12.3.rel1.win32_1.0.100.202403111256/tools/bin/../lib/gcc/arm-none-eabi/12.3.1/thumb/v7e-m+fp/hard/crti.o
                0x0800a980                _init
 .init          0x0800a984        0x8 C:/ST/STM32CubeIDE_1.15.1/STM32CubeIDE/plugins/com.st.stm32cube.ide.mcu.externaltools.gnu-tools-for-stm32.12.3.rel1.win32_1.0.100.202403111256/tools/bin/../lib/gcc/arm-none-eabi/12.3.1/thumb/v7e-m+fp/hard/crtn.o
 *(.fini)
 .fini          0x0800a98c        0x4 C:/ST/STM32CubeIDE_1.15.1/STM32CubeIDE/plugins/com.st.stm32cube.ide.mcu.externaltools.gnu-tools-for-stm32.12.3.rel1.win32_1.0.100.202403111256/tools/bin/../lib/gcc/arm-none-eabi/12.3.1/thumb/v7e-m+fp/hard/crti.o
                0x0800a98c                _fini
 .fini          0x0800a990        0x8 C:/ST/STM32CubeIDE_1.15.1/STM32CubeIDE/plugins/com.st.stm32cube.ide.mcu.externaltools.gnu-tools-for-stm32.12.3.rel1.win32_1.0.100.202403111256/tools/bin/../lib/gcc/arm-none-eabi/12.3.1/thumb/v7e-m+fp/hard/crtn.o
                0x0800a998                        . = ALIGN (0x4)
                0x0800a998                        _etext = .

.vfp11_veneer   0x0800a998        0x0
 .vfp11_veneer  0x0800a998        0x0 linker stubs

.v4_bx          0x0800a998        0x0
 .v4_bx         0x0800a998        0x0 linker stubs

.iplt           0x0800a998        0x0
 .iplt          0x0800a998        0x0 C:/ST/STM32CubeIDE_1.15.1/STM32CubeIDE/plugins/com.st.stm32cube.ide.mcu.externaltools.gnu-tools-for-stm32.12.3.rel1.win32_1.0.100.202403111256/tools/bin/../lib/gcc/arm-none-eabi/12.3.1/thumb/v7e-m+fp/hard/crtbegin.o

.rodata         0x0800a998      0xcec
                0x0800a998                        . = ALIGN (0x4)
 *(.rodata)
 .rodata        0x0800a998       0x4b ./Core/Src/MPU6050/inv_mpu_dmp_motion_driver.o
 *(.rodata*)
 *fill*         0x0800a9e3        0x1 
 .rodata.reg    0x0800a9e4       0x1e ./Core/Src/MPU6050/inv_mpu.o
                0x0800a9e4                reg
 *fill*         0x0800aa02        0x2 
 .rodata.hw     0x0800aa04        0xc ./Core/Src/MPU6050/inv_mpu.o
                0x0800aa04                hw
 .rodata.test   0x0800aa10       0x28 ./Core/Src/MPU6050/inv_mpu.o
                0x0800aa10                test
 .rodata.dmp_memory
                0x0800aa38      0xbf6 ./Core/Src/MPU6050/inv_mpu_dmp_motion_driver.o
 *fill*         0x0800b62e        0x2 
 .rodata.AHBPrescTable
                0x0800b630       0x10 ./Core/Src/system_stm32f4xx.o
                0x0800b630                AHBPrescTable
 .rodata.APBPrescTable
                0x0800b640        0x8 ./Core/Src/system_stm32f4xx.o
                0x0800b640                APBPrescTable
 .rodata.asinf.str1.1
                0x0800b648        0x1 C:/ST/STM32CubeIDE_1.15.1/STM32CubeIDE/plugins/com.st.stm32cube.ide.mcu.externaltools.gnu-tools-for-stm32.12.3.rel1.win32_1.0.100.202403111256/tools/bin/../lib/gcc/arm-none-eabi/12.3.1/../../../../arm-none-eabi/lib/thumb/v7e-m+fp/hard\libm.a(libm_a-wf_asin.o)
 *fill*         0x0800b649        0x3 
 .rodata.CSWTCH.9
                0x0800b64c        0xc C:/ST/STM32CubeIDE_1.15.1/STM32CubeIDE/plugins/com.st.stm32cube.ide.mcu.externaltools.gnu-tools-for-stm32.12.3.rel1.win32_1.0.100.202403111256/tools/bin/../lib/gcc/arm-none-eabi/12.3.1/../../../../arm-none-eabi/lib/thumb/v7e-m+fp/hard\libm.a(libm_a-ef_atan2.o)
 .rodata.CSWTCH.8
                0x0800b658        0xc C:/ST/STM32CubeIDE_1.15.1/STM32CubeIDE/plugins/com.st.stm32cube.ide.mcu.externaltools.gnu-tools-for-stm32.12.3.rel1.win32_1.0.100.202403111256/tools/bin/../lib/gcc/arm-none-eabi/12.3.1/../../../../arm-none-eabi/lib/thumb/v7e-m+fp/hard\libm.a(libm_a-ef_atan2.o)
 .rodata.atanlo
                0x0800b664       0x10 C:/ST/STM32CubeIDE_1.15.1/STM32CubeIDE/plugins/com.st.stm32cube.ide.mcu.externaltools.gnu-tools-for-stm32.12.3.rel1.win32_1.0.100.202403111256/tools/bin/../lib/gcc/arm-none-eabi/12.3.1/../../../../arm-none-eabi/lib/thumb/v7e-m+fp/hard\libm.a(libm_a-sf_atan.o)
 .rodata.atanhi
                0x0800b674       0x10 C:/ST/STM32CubeIDE_1.15.1/STM32CubeIDE/plugins/com.st.stm32cube.ide.mcu.externaltools.gnu-tools-for-stm32.12.3.rel1.win32_1.0.100.202403111256/tools/bin/../lib/gcc/arm-none-eabi/12.3.1/../../../../arm-none-eabi/lib/thumb/v7e-m+fp/hard\libm.a(libm_a-sf_atan.o)
                0x0800b684                        . = ALIGN (0x4)

.ARM.extab      0x0800b684        0x0
                0x0800b684                        . = ALIGN (0x4)
 *(.ARM.extab* .gnu.linkonce.armextab.*)
                0x0800b684                        . = ALIGN (0x4)

.ARM            0x0800b684        0x8
                0x0800b684                        . = ALIGN (0x4)
                0x0800b684                        __exidx_start = .
 *(.ARM.exidx*)
 .ARM.exidx     0x0800b684        0x8 C:/ST/STM32CubeIDE_1.15.1/STM32CubeIDE/plugins/com.st.stm32cube.ide.mcu.externaltools.gnu-tools-for-stm32.12.3.rel1.win32_1.0.100.202403111256/tools/bin/../lib/gcc/arm-none-eabi/12.3.1/thumb/v7e-m+fp/hard\libgcc.a(_udivmoddi4.o)
                0x0800b68c                        __exidx_end = .
                0x0800b68c                        . = ALIGN (0x4)

.preinit_array  0x0800b68c        0x0
                0x0800b68c                        . = ALIGN (0x4)
                0x0800b68c                        PROVIDE (__preinit_array_start = .)
 *(.preinit_array*)
                0x0800b68c                        PROVIDE (__preinit_array_end = .)
                0x0800b68c                        . = ALIGN (0x4)

.init_array     0x0800b68c        0x4
                0x0800b68c                        . = ALIGN (0x4)
                0x0800b68c                        PROVIDE (__init_array_start = .)
 *(SORT_BY_NAME(.init_array.*))
 *(.init_array*)
 .init_array    0x0800b68c        0x4 C:/ST/STM32CubeIDE_1.15.1/STM32CubeIDE/plugins/com.st.stm32cube.ide.mcu.externaltools.gnu-tools-for-stm32.12.3.rel1.win32_1.0.100.202403111256/tools/bin/../lib/gcc/arm-none-eabi/12.3.1/thumb/v7e-m+fp/hard/crtbegin.o
                0x0800b690                        PROVIDE (__init_array_end = .)
                0x0800b690                        . = ALIGN (0x4)

.fini_array     0x0800b690        0x4
                0x0800b690                        . = ALIGN (0x4)
                [!provide]                        PROVIDE (__fini_array_start = .)
 *(SORT_BY_NAME(.fini_array.*))
 *(.fini_array*)
 .fini_array    0x0800b690        0x4 C:/ST/STM32CubeIDE_1.15.1/STM32CubeIDE/plugins/com.st.stm32cube.ide.mcu.externaltools.gnu-tools-for-stm32.12.3.rel1.win32_1.0.100.202403111256/tools/bin/../lib/gcc/arm-none-eabi/12.3.1/thumb/v7e-m+fp/hard/crtbegin.o
                [!provide]                        PROVIDE (__fini_array_end = .)
                0x0800b694                        . = ALIGN (0x4)
                0x0800b694                        _sidata = LOADADDR (.data)

.rel.dyn        0x0800b694        0x0
 .rel.iplt      0x0800b694        0x0 C:/ST/STM32CubeIDE_1.15.1/STM32CubeIDE/plugins/com.st.stm32cube.ide.mcu.externaltools.gnu-tools-for-stm32.12.3.rel1.win32_1.0.100.202403111256/tools/bin/../lib/gcc/arm-none-eabi/12.3.1/thumb/v7e-m+fp/hard/crtbegin.o

.data           0x20000000       0x98 load address 0x0800b694
                0x20000000                        . = ALIGN (0x4)
                0x20000000                        _sdata = .
 *(.data)
 *(.data*)
 .data.st       0x20000000       0x2c ./Core/Src/MPU6050/inv_mpu.o
 .data.q0       0x2000002c        0x4 ./Core/Src/MPU6050/mpu6050.o
                0x2000002c                q0
 .data.gyro_orientation
                0x20000030        0x9 ./Core/Src/MPU6050/mpu6050.o
 *fill*         0x20000039        0x3 
 .data.SystemCoreClock
                0x2000003c        0x4 ./Core/Src/system_stm32f4xx.o
                0x2000003c                SystemCoreClock
 .data.uwTickPrio
                0x20000040        0x4 ./Drivers/STM32F4xx_HAL_Driver/Src/stm32f4xx_hal.o
                0x20000040                uwTickPrio
 .data.uwTickFreq
                0x20000044        0x1 ./Drivers/STM32F4xx_HAL_Driver/Src/stm32f4xx_hal.o
                0x20000044                uwTickFreq
 *fill*         0x20000045        0x3 
 .data._impure_ptr
                0x20000048        0x4 C:/ST/STM32CubeIDE_1.15.1/STM32CubeIDE/plugins/com.st.stm32cube.ide.mcu.externaltools.gnu-tools-for-stm32.12.3.rel1.win32_1.0.100.202403111256/tools/bin/../lib/gcc/arm-none-eabi/12.3.1/../../../../arm-none-eabi/lib/thumb/v7e-m+fp/hard\libc_nano.a(libc_a-impure.o)
                0x20000048                _impure_ptr
 .data._impure_data
                0x2000004c       0x4c C:/ST/STM32CubeIDE_1.15.1/STM32CubeIDE/plugins/com.st.stm32cube.ide.mcu.externaltools.gnu-tools-for-stm32.12.3.rel1.win32_1.0.100.202403111256/tools/bin/../lib/gcc/arm-none-eabi/12.3.1/../../../../arm-none-eabi/lib/thumb/v7e-m+fp/hard\libc_nano.a(libc_a-impure.o)
                0x2000004c                _impure_data
 *(.RamFunc)
 *(.RamFunc*)
                0x20000098                        . = ALIGN (0x4)
                0x20000098                        _edata = .

.igot.plt       0x20000098        0x0 load address 0x0800b72c
 .igot.plt      0x20000098        0x0 C:/ST/STM32CubeIDE_1.15.1/STM32CubeIDE/plugins/com.st.stm32cube.ide.mcu.externaltools.gnu-tools-for-stm32.12.3.rel1.win32_1.0.100.202403111256/tools/bin/../lib/gcc/arm-none-eabi/12.3.1/thumb/v7e-m+fp/hard/crtbegin.o
                0x20000098                        . = ALIGN (0x4)

.bss            0x20000098      0x380 load address 0x0800b72c
                0x20000098                        _sbss = .
                0x20000098                        __bss_start__ = _sbss
 *(.bss)
 .bss           0x20000098       0x1c C:/ST/STM32CubeIDE_1.15.1/STM32CubeIDE/plugins/com.st.stm32cube.ide.mcu.externaltools.gnu-tools-for-stm32.12.3.rel1.win32_1.0.100.202403111256/tools/bin/../lib/gcc/arm-none-eabi/12.3.1/thumb/v7e-m+fp/hard/crtbegin.o
 *(.bss*)
 .bss.dmp       0x200000b4       0x10 ./Core/Src/MPU6050/inv_mpu_dmp_motion_driver.o
 .bss.gyro      0x200000c4        0x6 ./Core/Src/MPU6050/mpu6050.o
                0x200000c4                gyro
 *fill*         0x200000ca        0x2 
 .bss.accel     0x200000cc        0x6 ./Core/Src/MPU6050/mpu6050.o
                0x200000cc                accel
 .bss.sensors   0x200000d2        0x2 ./Core/Src/MPU6050/mpu6050.o
                0x200000d2                sensors
 .bss.phi       0x200000d4        0x4 ./Core/Src/MPU6050/mpu6050.o
                0x200000d4                phi
 .bss.theta     0x200000d8        0x4 ./Core/Src/MPU6050/mpu6050.o
                0x200000d8                theta
 .bss.psi       0x200000dc        0x4 ./Core/Src/MPU6050/mpu6050.o
                0x200000dc                psi
 .bss.pitch     0x200000e0        0x4 ./Core/Src/MPU6050/mpu6050.o
                0x200000e0                pitch
 .bss.roll      0x200000e4        0x4 ./Core/Src/MPU6050/mpu6050.o
                0x200000e4                roll
 .bss.yaw       0x200000e8        0x4 ./Core/Src/MPU6050/mpu6050.o
                0x200000e8                yaw
 .bss.q1        0x200000ec        0x4 ./Core/Src/MPU6050/mpu6050.o
                0x200000ec                q1
 .bss.q2        0x200000f0        0x4 ./Core/Src/MPU6050/mpu6050.o
                0x200000f0                q2
 .bss.q3        0x200000f4        0x4 ./Core/Src/MPU6050/mpu6050.o
                0x200000f4                q3
 .bss.buffer    0x200000f8        0xe ./Core/Src/MPU6050/mpu6050.o
                0x200000f8                buffer
 *fill*         0x20000106        0x2 
 .bss.hi2c1     0x20000108       0x54 ./Core/Src/main.o
                0x20000108                hi2c1
 .bss.htim1     0x2000015c       0x48 ./Core/Src/main.o
                0x2000015c                htim1
 .bss.htim3     0x200001a4       0x48 ./Core/Src/main.o
                0x200001a4                htim3
 .bss.huart2    0x200001ec       0x48 ./Core/Src/main.o
                0x200001ec                huart2
 .bss.gyro_roll
                0x20000234        0x4 ./Core/Src/main.o
                0x20000234                gyro_roll
 .bss.gyro_pitch
                0x20000238        0x4 ./Core/Src/main.o
                0x20000238                gyro_pitch
 .bss.gyro_yaw  0x2000023c        0x4 ./Core/Src/main.o
                0x2000023c                gyro_yaw
 .bss.loop_timer
                0x20000240        0x4 ./Core/Src/main.o
                0x20000240                loop_timer
 .bss.usWidth_ch1
                0x20000244        0x4 ./Core/Src/main.o
                0x20000244                usWidth_ch1
 .bss.IC_Val1_ch1
                0x20000248        0x4 ./Core/Src/main.o
                0x20000248                IC_Val1_ch1
 .bss.IC_Val2_ch1
                0x2000024c        0x4 ./Core/Src/main.o
                0x2000024c                IC_Val2_ch1
 .bss.difference_ch1
                0x20000250        0x4 ./Core/Src/main.o
                0x20000250                difference_ch1
 .bss.is_first_captured_ch1
                0x20000254        0x4 ./Core/Src/main.o
                0x20000254                is_first_captured_ch1
 .bss.usWidth_ch2
                0x20000258        0x4 ./Core/Src/main.o
                0x20000258                usWidth_ch2
 .bss.IC_Val1_ch2
                0x2000025c        0x4 ./Core/Src/main.o
                0x2000025c                IC_Val1_ch2
 .bss.IC_Val2_ch2
                0x20000260        0x4 ./Core/Src/main.o
                0x20000260                IC_Val2_ch2
 .bss.difference_ch2
                0x20000264        0x4 ./Core/Src/main.o
                0x20000264                difference_ch2
 .bss.is_first_captured_ch2
                0x20000268        0x4 ./Core/Src/main.o
                0x20000268                is_first_captured_ch2
 .bss.usWidth_ch3
                0x2000026c        0x4 ./Core/Src/main.o
                0x2000026c                usWidth_ch3
 .bss.IC_Val1_ch3
                0x20000270        0x4 ./Core/Src/main.o
                0x20000270                IC_Val1_ch3
 .bss.IC_Val2_ch3
                0x20000274        0x4 ./Core/Src/main.o
                0x20000274                IC_Val2_ch3
 .bss.difference_ch3
                0x20000278        0x4 ./Core/Src/main.o
                0x20000278                difference_ch3
 .bss.is_first_captured_ch3
                0x2000027c        0x4 ./Core/Src/main.o
                0x2000027c                is_first_captured_ch3
 .bss.usWidth_ch4
                0x20000280        0x4 ./Core/Src/main.o
                0x20000280                usWidth_ch4
 .bss.IC_Val1_ch4
                0x20000284        0x4 ./Core/Src/main.o
                0x20000284                IC_Val1_ch4
 .bss.IC_Val2_ch4
                0x20000288        0x4 ./Core/Src/main.o
                0x20000288                IC_Val2_ch4
 .bss.difference_ch4
                0x2000028c        0x4 ./Core/Src/main.o
                0x2000028c                difference_ch4
 .bss.is_first_captured_ch4
                0x20000290        0x4 ./Core/Src/main.o
                0x20000290                is_first_captured_ch4
 .bss.setpoint_roll
                0x20000294        0x4 ./Core/Src/main.o
                0x20000294                setpoint_roll
 .bss.setpoint_pitch
                0x20000298        0x4 ./Core/Src/main.o
                0x20000298                setpoint_pitch
 .bss.setpoint_yaw
                0x2000029c        0x4 ./Core/Src/main.o
                0x2000029c                setpoint_yaw
 .bss.measure_time
                0x200002a0        0x4 ./Core/Src/main.o
                0x200002a0                measure_time
 .bss.pid_roll_output
                0x200002a4        0x4 ./Core/Src/main.o
                0x200002a4                pid_roll_output
 .bss.pid_pitch_output
                0x200002a8        0x4 ./Core/Src/main.o
                0x200002a8                pid_pitch_output
 .bss.pid_yaw_output
                0x200002ac        0x4 ./Core/Src/main.o
                0x200002ac                pid_yaw_output
 .bss.rate_roll
                0x200002b0        0x4 ./Core/Src/main.o
                0x200002b0                rate_roll
 .bss.rate_pitch
                0x200002b4        0x4 ./Core/Src/main.o
                0x200002b4                rate_pitch
 .bss.rate_yaw  0x200002b8        0x4 ./Core/Src/main.o
                0x200002b8                rate_yaw
 .bss.throttle_radio
                0x200002bc        0x4 ./Core/Src/main.o
                0x200002bc                throttle_radio
 .bss.turn_on   0x200002c0        0x4 ./Core/Src/main.o
                0x200002c0                turn_on
 .bss.rx_buffer
                0x200002c4        0xc ./Core/Src/main.o
                0x200002c4                rx_buffer
 .bss.received_values
                0x200002d0        0xc ./Core/Src/main.o
                0x200002d0                received_values
 .bss.uwTick    0x200002dc        0x4 ./Drivers/STM32F4xx_HAL_Driver/Src/stm32f4xx_hal.o
                0x200002dc                uwTick
 .bss.__sf      0x200002e0      0x138 C:/ST/STM32CubeIDE_1.15.1/STM32CubeIDE/plugins/com.st.stm32cube.ide.mcu.externaltools.gnu-tools-for-stm32.12.3.rel1.win32_1.0.100.202403111256/tools/bin/../lib/gcc/arm-none-eabi/12.3.1/../../../../arm-none-eabi/lib/thumb/v7e-m+fp/hard\libc_nano.a(libc_a-findfp.o)
                0x200002e0                __sf
 *(COMMON)
                0x20000418                        . = ALIGN (0x4)
                0x20000418                        _ebss = .
                0x20000418                        __bss_end__ = _ebss

._user_heap_stack
                0x20000418      0x600 load address 0x0800b72c
                0x20000418                        . = ALIGN (0x8)
                [!provide]                        PROVIDE (end = .)
                0x20000418                        PROVIDE (_end = .)
                0x20000618                        . = (. + _Min_Heap_Size)
 *fill*         0x20000418      0x200 
                0x20000a18                        . = (. + _Min_Stack_Size)
 *fill*         0x20000618      0x400 
                0x20000a18                        . = ALIGN (0x8)

/DISCARD/
 libc.a(*)
 libm.a(*)
 libgcc.a(*)

.ARM.attributes
                0x00000000       0x30
 *(.ARM.attributes)
 .ARM.attributes
                0x00000000       0x22 C:/ST/STM32CubeIDE_1.15.1/STM32CubeIDE/plugins/com.st.stm32cube.ide.mcu.externaltools.gnu-tools-for-stm32.12.3.rel1.win32_1.0.100.202403111256/tools/bin/../lib/gcc/arm-none-eabi/12.3.1/thumb/v7e-m+fp/hard/crti.o
 .ARM.attributes
                0x00000022       0x34 C:/ST/STM32CubeIDE_1.15.1/STM32CubeIDE/plugins/com.st.stm32cube.ide.mcu.externaltools.gnu-tools-for-stm32.12.3.rel1.win32_1.0.100.202403111256/tools/bin/../lib/gcc/arm-none-eabi/12.3.1/thumb/v7e-m+fp/hard/crtbegin.o
 .ARM.attributes
                0x00000056       0x34 ./Core/Src/MPU6050/I2C.o
 .ARM.attributes
                0x0000008a       0x34 ./Core/Src/MPU6050/inv_mpu.o
 .ARM.attributes
                0x000000be       0x34 ./Core/Src/MPU6050/inv_mpu_dmp_motion_driver.o
 .ARM.attributes
                0x000000f2       0x34 ./Core/Src/MPU6050/mpu6050.o
 .ARM.attributes
                0x00000126       0x34 ./Core/Src/PID/PID.o
 .ARM.attributes
                0x0000015a       0x34 ./Core/Src/main.o
 .ARM.attributes
                0x0000018e       0x34 ./Core/Src/stm32f4xx_hal_msp.o
 .ARM.attributes
                0x000001c2       0x34 ./Core/Src/stm32f4xx_it.o
 .ARM.attributes
                0x000001f6       0x34 ./Core/Src/system_stm32f4xx.o
 .ARM.attributes
                0x0000022a       0x34 ./Core/Src/usart/usart.o
 .ARM.attributes
                0x0000025e       0x21 ./Core/Startup/startup_stm32f401ccux.o
 .ARM.attributes
                0x0000027f       0x34 ./Drivers/STM32F4xx_HAL_Driver/Src/stm32f4xx_hal.o
 .ARM.attributes
                0x000002b3       0x34 ./Drivers/STM32F4xx_HAL_Driver/Src/stm32f4xx_hal_cortex.o
 .ARM.attributes
                0x000002e7       0x34 ./Drivers/STM32F4xx_HAL_Driver/Src/stm32f4xx_hal_dma.o
 .ARM.attributes
                0x0000031b       0x34 ./Drivers/STM32F4xx_HAL_Driver/Src/stm32f4xx_hal_gpio.o
 .ARM.attributes
                0x0000034f       0x34 ./Drivers/STM32F4xx_HAL_Driver/Src/stm32f4xx_hal_i2c.o
 .ARM.attributes
                0x00000383       0x34 ./Drivers/STM32F4xx_HAL_Driver/Src/stm32f4xx_hal_rcc.o
 .ARM.attributes
                0x000003b7       0x34 ./Drivers/STM32F4xx_HAL_Driver/Src/stm32f4xx_hal_tim.o
 .ARM.attributes
                0x000003eb       0x34 ./Drivers/STM32F4xx_HAL_Driver/Src/stm32f4xx_hal_tim_ex.o
 .ARM.attributes
                0x0000041f       0x34 ./Drivers/STM32F4xx_HAL_Driver/Src/stm32f4xx_hal_uart.o
 .ARM.attributes
                0x00000453       0x34 C:/ST/STM32CubeIDE_1.15.1/STM32CubeIDE/plugins/com.st.stm32cube.ide.mcu.externaltools.gnu-tools-for-stm32.12.3.rel1.win32_1.0.100.202403111256/tools/bin/../lib/gcc/arm-none-eabi/12.3.1/../../../../arm-none-eabi/lib/thumb/v7e-m+fp/hard\libc_nano.a(libc_a-findfp.o)
 .ARM.attributes
                0x00000487       0x34 C:/ST/STM32CubeIDE_1.15.1/STM32CubeIDE/plugins/com.st.stm32cube.ide.mcu.externaltools.gnu-tools-for-stm32.12.3.rel1.win32_1.0.100.202403111256/tools/bin/../lib/gcc/arm-none-eabi/12.3.1/../../../../arm-none-eabi/lib/thumb/v7e-m+fp/hard\libc_nano.a(libc_a-memcmp.o)
 .ARM.attributes
                0x000004bb       0x34 C:/ST/STM32CubeIDE_1.15.1/STM32CubeIDE/plugins/com.st.stm32cube.ide.mcu.externaltools.gnu-tools-for-stm32.12.3.rel1.win32_1.0.100.202403111256/tools/bin/../lib/gcc/arm-none-eabi/12.3.1/../../../../arm-none-eabi/lib/thumb/v7e-m+fp/hard\libc_nano.a(libc_a-memset.o)
 .ARM.attributes
                0x000004ef       0x34 C:/ST/STM32CubeIDE_1.15.1/STM32CubeIDE/plugins/com.st.stm32cube.ide.mcu.externaltools.gnu-tools-for-stm32.12.3.rel1.win32_1.0.100.202403111256/tools/bin/../lib/gcc/arm-none-eabi/12.3.1/../../../../arm-none-eabi/lib/thumb/v7e-m+fp/hard\libc_nano.a(libc_a-impure.o)
 .ARM.attributes
                0x00000523       0x34 C:/ST/STM32CubeIDE_1.15.1/STM32CubeIDE/plugins/com.st.stm32cube.ide.mcu.externaltools.gnu-tools-for-stm32.12.3.rel1.win32_1.0.100.202403111256/tools/bin/../lib/gcc/arm-none-eabi/12.3.1/../../../../arm-none-eabi/lib/thumb/v7e-m+fp/hard\libc_nano.a(libc_a-errno.o)
 .ARM.attributes
                0x00000557       0x34 C:/ST/STM32CubeIDE_1.15.1/STM32CubeIDE/plugins/com.st.stm32cube.ide.mcu.externaltools.gnu-tools-for-stm32.12.3.rel1.win32_1.0.100.202403111256/tools/bin/../lib/gcc/arm-none-eabi/12.3.1/../../../../arm-none-eabi/lib/thumb/v7e-m+fp/hard\libc_nano.a(libc_a-init.o)
 .ARM.attributes
                0x0000058b       0x34 C:/ST/STM32CubeIDE_1.15.1/STM32CubeIDE/plugins/com.st.stm32cube.ide.mcu.externaltools.gnu-tools-for-stm32.12.3.rel1.win32_1.0.100.202403111256/tools/bin/../lib/gcc/arm-none-eabi/12.3.1/../../../../arm-none-eabi/lib/thumb/v7e-m+fp/hard\libm.a(libm_a-wf_asin.o)
 .ARM.attributes
                0x000005bf       0x34 C:/ST/STM32CubeIDE_1.15.1/STM32CubeIDE/plugins/com.st.stm32cube.ide.mcu.externaltools.gnu-tools-for-stm32.12.3.rel1.win32_1.0.100.202403111256/tools/bin/../lib/gcc/arm-none-eabi/12.3.1/../../../../arm-none-eabi/lib/thumb/v7e-m+fp/hard\libm.a(libm_a-wf_atan2.o)
 .ARM.attributes
                0x000005f3       0x34 C:/ST/STM32CubeIDE_1.15.1/STM32CubeIDE/plugins/com.st.stm32cube.ide.mcu.externaltools.gnu-tools-for-stm32.12.3.rel1.win32_1.0.100.202403111256/tools/bin/../lib/gcc/arm-none-eabi/12.3.1/../../../../arm-none-eabi/lib/thumb/v7e-m+fp/hard\libm.a(libm_a-sf_fabs.o)
 .ARM.attributes
                0x00000627       0x34 C:/ST/STM32CubeIDE_1.15.1/STM32CubeIDE/plugins/com.st.stm32cube.ide.mcu.externaltools.gnu-tools-for-stm32.12.3.rel1.win32_1.0.100.202403111256/tools/bin/../lib/gcc/arm-none-eabi/12.3.1/../../../../arm-none-eabi/lib/thumb/v7e-m+fp/hard\libm.a(libm_a-sf_nan.o)
 .ARM.attributes
                0x0000065b       0x34 C:/ST/STM32CubeIDE_1.15.1/STM32CubeIDE/plugins/com.st.stm32cube.ide.mcu.externaltools.gnu-tools-for-stm32.12.3.rel1.win32_1.0.100.202403111256/tools/bin/../lib/gcc/arm-none-eabi/12.3.1/../../../../arm-none-eabi/lib/thumb/v7e-m+fp/hard\libm.a(libm_a-ef_asin.o)
 .ARM.attributes
                0x0000068f       0x34 C:/ST/STM32CubeIDE_1.15.1/STM32CubeIDE/plugins/com.st.stm32cube.ide.mcu.externaltools.gnu-tools-for-stm32.12.3.rel1.win32_1.0.100.202403111256/tools/bin/../lib/gcc/arm-none-eabi/12.3.1/../../../../arm-none-eabi/lib/thumb/v7e-m+fp/hard\libm.a(libm_a-ef_atan2.o)
 .ARM.attributes
                0x000006c3       0x34 C:/ST/STM32CubeIDE_1.15.1/STM32CubeIDE/plugins/com.st.stm32cube.ide.mcu.externaltools.gnu-tools-for-stm32.12.3.rel1.win32_1.0.100.202403111256/tools/bin/../lib/gcc/arm-none-eabi/12.3.1/../../../../arm-none-eabi/lib/thumb/v7e-m+fp/hard\libm.a(libm_a-sf_atan.o)
 .ARM.attributes
                0x000006f7       0x34 C:/ST/STM32CubeIDE_1.15.1/STM32CubeIDE/plugins/com.st.stm32cube.ide.mcu.externaltools.gnu-tools-for-stm32.12.3.rel1.win32_1.0.100.202403111256/tools/bin/../lib/gcc/arm-none-eabi/12.3.1/../../../../arm-none-eabi/lib/thumb/v7e-m+fp/hard\libm.a(libm_a-ef_sqrt.o)
 .ARM.attributes
                0x0000072b       0x22 C:/ST/STM32CubeIDE_1.15.1/STM32CubeIDE/plugins/com.st.stm32cube.ide.mcu.externaltools.gnu-tools-for-stm32.12.3.rel1.win32_1.0.100.202403111256/tools/bin/../lib/gcc/arm-none-eabi/12.3.1/thumb/v7e-m+fp/hard\libgcc.a(_arm_addsubdf3.o)
 .ARM.attributes
                0x0000074d       0x22 C:/ST/STM32CubeIDE_1.15.1/STM32CubeIDE/plugins/com.st.stm32cube.ide.mcu.externaltools.gnu-tools-for-stm32.12.3.rel1.win32_1.0.100.202403111256/tools/bin/../lib/gcc/arm-none-eabi/12.3.1/thumb/v7e-m+fp/hard\libgcc.a(_arm_muldivdf3.o)
 .ARM.attributes
                0x0000076f       0x22 C:/ST/STM32CubeIDE_1.15.1/STM32CubeIDE/plugins/com.st.stm32cube.ide.mcu.externaltools.gnu-tools-for-stm32.12.3.rel1.win32_1.0.100.202403111256/tools/bin/../lib/gcc/arm-none-eabi/12.3.1/thumb/v7e-m+fp/hard\libgcc.a(_arm_truncdfsf2.o)
 .ARM.attributes
                0x00000791       0x22 C:/ST/STM32CubeIDE_1.15.1/STM32CubeIDE/plugins/com.st.stm32cube.ide.mcu.externaltools.gnu-tools-for-stm32.12.3.rel1.win32_1.0.100.202403111256/tools/bin/../lib/gcc/arm-none-eabi/12.3.1/thumb/v7e-m+fp/hard\libgcc.a(_aeabi_ldivmod.o)
 .ARM.attributes
                0x000007b3       0x22 C:/ST/STM32CubeIDE_1.15.1/STM32CubeIDE/plugins/com.st.stm32cube.ide.mcu.externaltools.gnu-tools-for-stm32.12.3.rel1.win32_1.0.100.202403111256/tools/bin/../lib/gcc/arm-none-eabi/12.3.1/thumb/v7e-m+fp/hard\libgcc.a(_aeabi_uldivmod.o)
 .ARM.attributes
                0x000007d5       0x34 C:/ST/STM32CubeIDE_1.15.1/STM32CubeIDE/plugins/com.st.stm32cube.ide.mcu.externaltools.gnu-tools-for-stm32.12.3.rel1.win32_1.0.100.202403111256/tools/bin/../lib/gcc/arm-none-eabi/12.3.1/thumb/v7e-m+fp/hard\libgcc.a(_udivmoddi4.o)
 .ARM.attributes
                0x00000809       0x22 C:/ST/STM32CubeIDE_1.15.1/STM32CubeIDE/plugins/com.st.stm32cube.ide.mcu.externaltools.gnu-tools-for-stm32.12.3.rel1.win32_1.0.100.202403111256/tools/bin/../lib/gcc/arm-none-eabi/12.3.1/thumb/v7e-m+fp/hard\libgcc.a(_dvmd_tls.o)
 .ARM.attributes
                0x0000082b       0x22 C:/ST/STM32CubeIDE_1.15.1/STM32CubeIDE/plugins/com.st.stm32cube.ide.mcu.externaltools.gnu-tools-for-stm32.12.3.rel1.win32_1.0.100.202403111256/tools/bin/../lib/gcc/arm-none-eabi/12.3.1/thumb/v7e-m+fp/hard/crtn.o
OUTPUT(SingleCopter.elf elf32-littlearm)
LOAD linker stubs
LOAD C:/ST/STM32CubeIDE_1.15.1/STM32CubeIDE/plugins/com.st.stm32cube.ide.mcu.externaltools.gnu-tools-for-stm32.12.3.rel1.win32_1.0.100.202403111256/tools/bin/../lib/gcc/arm-none-eabi/12.3.1/../../../../arm-none-eabi/lib/thumb/v7e-m+fp/hard\libc.a
LOAD C:/ST/STM32CubeIDE_1.15.1/STM32CubeIDE/plugins/com.st.stm32cube.ide.mcu.externaltools.gnu-tools-for-stm32.12.3.rel1.win32_1.0.100.202403111256/tools/bin/../lib/gcc/arm-none-eabi/12.3.1/../../../../arm-none-eabi/lib/thumb/v7e-m+fp/hard\libm.a
LOAD C:/ST/STM32CubeIDE_1.15.1/STM32CubeIDE/plugins/com.st.stm32cube.ide.mcu.externaltools.gnu-tools-for-stm32.12.3.rel1.win32_1.0.100.202403111256/tools/bin/../lib/gcc/arm-none-eabi/12.3.1/thumb/v7e-m+fp/hard\libgcc.a

.debug_info     0x00000000    0x139dd
 .debug_info    0x00000000      0x823 ./Core/Src/MPU6050/I2C.o
 .debug_info    0x00000823     0x151a ./Core/Src/MPU6050/inv_mpu.o
 .debug_info    0x00001d3d      0xb40 ./Core/Src/MPU6050/inv_mpu_dmp_motion_driver.o
 .debug_info    0x0000287d      0xb46 ./Core/Src/MPU6050/mpu6050.o
 .debug_info    0x000033c3      0x202 ./Core/Src/PID/PID.o
 .debug_info    0x000035c5     0x1bac ./Core/Src/main.o
 .debug_info    0x00005171     0x12ad ./Core/Src/stm32f4xx_hal_msp.o
 .debug_info    0x0000641e      0x999 ./Core/Src/stm32f4xx_it.o
 .debug_info    0x00006db7      0x53e ./Core/Src/system_stm32f4xx.o
 .debug_info    0x000072f5      0x684 ./Core/Src/usart/usart.o
 .debug_info    0x00007979       0x30 ./Core/Startup/startup_stm32f401ccux.o
 .debug_info    0x000079a9      0x8bb ./Drivers/STM32F4xx_HAL_Driver/Src/stm32f4xx_hal.o
 .debug_info    0x00008264      0xcc1 ./Drivers/STM32F4xx_HAL_Driver/Src/stm32f4xx_hal_cortex.o
 .debug_info    0x00008f25      0x8e6 ./Drivers/STM32F4xx_HAL_Driver/Src/stm32f4xx_hal_dma.o
 .debug_info    0x0000980b      0x6f9 ./Drivers/STM32F4xx_HAL_Driver/Src/stm32f4xx_hal_gpio.o
 .debug_info    0x00009f04     0x2426 ./Drivers/STM32F4xx_HAL_Driver/Src/stm32f4xx_hal_i2c.o
 .debug_info    0x0000c32a      0x8f3 ./Drivers/STM32F4xx_HAL_Driver/Src/stm32f4xx_hal_rcc.o
 .debug_info    0x0000cc1d     0x2996 ./Drivers/STM32F4xx_HAL_Driver/Src/stm32f4xx_hal_tim.o
 .debug_info    0x0000f5b3     0x14d4 ./Drivers/STM32F4xx_HAL_Driver/Src/stm32f4xx_hal_tim_ex.o
 .debug_info    0x00010a87     0x2f56 ./Drivers/STM32F4xx_HAL_Driver/Src/stm32f4xx_hal_uart.o

.debug_abbrev   0x00000000     0x2b0b
 .debug_abbrev  0x00000000      0x1b1 ./Core/Src/MPU6050/I2C.o
 .debug_abbrev  0x000001b1      0x271 ./Core/Src/MPU6050/inv_mpu.o
 .debug_abbrev  0x00000422      0x1ae ./Core/Src/MPU6050/inv_mpu_dmp_motion_driver.o
 .debug_abbrev  0x000005d0      0x365 ./Core/Src/MPU6050/mpu6050.o
 .debug_abbrev  0x00000935       0xed ./Core/Src/PID/PID.o
 .debug_abbrev  0x00000a22      0x318 ./Core/Src/main.o
 .debug_abbrev  0x00000d3a      0x21f ./Core/Src/stm32f4xx_hal_msp.o
 .debug_abbrev  0x00000f59      0x1af ./Core/Src/stm32f4xx_it.o
 .debug_abbrev  0x00001108      0x11a ./Core/Src/system_stm32f4xx.o
 .debug_abbrev  0x00001222      0x1b1 ./Core/Src/usart/usart.o
 .debug_abbrev  0x000013d3       0x24 ./Core/Startup/startup_stm32f401ccux.o
 .debug_abbrev  0x000013f7      0x24b ./Drivers/STM32F4xx_HAL_Driver/Src/stm32f4xx_hal.o
 .debug_abbrev  0x00001642      0x328 ./Drivers/STM32F4xx_HAL_Driver/Src/stm32f4xx_hal_cortex.o
 .debug_abbrev  0x0000196a      0x221 ./Drivers/STM32F4xx_HAL_Driver/Src/stm32f4xx_hal_dma.o
 .debug_abbrev  0x00001b8b      0x1d3 ./Drivers/STM32F4xx_HAL_Driver/Src/stm32f4xx_hal_gpio.o
 .debug_abbrev  0x00001d5e      0x2bc ./Drivers/STM32F4xx_HAL_Driver/Src/stm32f4xx_hal_i2c.o
 .debug_abbrev  0x0000201a      0x2b5 ./Drivers/STM32F4xx_HAL_Driver/Src/stm32f4xx_hal_rcc.o
 .debug_abbrev  0x000022cf      0x28b ./Drivers/STM32F4xx_HAL_Driver/Src/stm32f4xx_hal_tim.o
 .debug_abbrev  0x0000255a      0x296 ./Drivers/STM32F4xx_HAL_Driver/Src/stm32f4xx_hal_tim_ex.o
 .debug_abbrev  0x000027f0      0x31b ./Drivers/STM32F4xx_HAL_Driver/Src/stm32f4xx_hal_uart.o

.debug_aranges  0x00000000     0x1298
 .debug_aranges
                0x00000000       0x38 ./Core/Src/MPU6050/I2C.o
 .debug_aranges
                0x00000038      0x180 ./Core/Src/MPU6050/inv_mpu.o
 .debug_aranges
                0x000001b8       0xf8 ./Core/Src/MPU6050/inv_mpu_dmp_motion_driver.o
 .debug_aranges
                0x000002b0       0xb8 ./Core/Src/MPU6050/mpu6050.o
 .debug_aranges
                0x00000368       0x28 ./Core/Src/PID/PID.o
 .debug_aranges
                0x00000390       0x60 ./Core/Src/main.o
 .debug_aranges
                0x000003f0       0x58 ./Core/Src/stm32f4xx_hal_msp.o
 .debug_aranges
                0x00000448       0x70 ./Core/Src/stm32f4xx_it.o
 .debug_aranges
                0x000004b8       0x28 ./Core/Src/system_stm32f4xx.o
 .debug_aranges
                0x000004e0       0x28 ./Core/Src/usart/usart.o
 .debug_aranges
                0x00000508       0x28 ./Core/Startup/startup_stm32f401ccux.o
 .debug_aranges
                0x00000530       0xf0 ./Drivers/STM32F4xx_HAL_Driver/Src/stm32f4xx_hal.o
 .debug_aranges
                0x00000620      0x120 ./Drivers/STM32F4xx_HAL_Driver/Src/stm32f4xx_hal_cortex.o
 .debug_aranges
                0x00000740       0x90 ./Drivers/STM32F4xx_HAL_Driver/Src/stm32f4xx_hal_dma.o
 .debug_aranges
                0x000007d0       0x58 ./Drivers/STM32F4xx_HAL_Driver/Src/stm32f4xx_hal_gpio.o
 .debug_aranges
                0x00000828      0x2a8 ./Drivers/STM32F4xx_HAL_Driver/Src/stm32f4xx_hal_i2c.o
 .debug_aranges
                0x00000ad0       0x88 ./Drivers/STM32F4xx_HAL_Driver/Src/stm32f4xx_hal_rcc.o
 .debug_aranges
                0x00000b58      0x3d0 ./Drivers/STM32F4xx_HAL_Driver/Src/stm32f4xx_hal_tim.o
 .debug_aranges
                0x00000f28      0x168 ./Drivers/STM32F4xx_HAL_Driver/Src/stm32f4xx_hal_tim_ex.o
 .debug_aranges
                0x00001090      0x208 ./Drivers/STM32F4xx_HAL_Driver/Src/stm32f4xx_hal_uart.o

.debug_rnglists
                0x00000000      0xed1
 .debug_rnglists
                0x00000000       0x26 ./Core/Src/MPU6050/I2C.o
 .debug_rnglists
                0x00000026      0x152 ./Core/Src/MPU6050/inv_mpu.o
 .debug_rnglists
                0x00000178       0xbd ./Core/Src/MPU6050/inv_mpu_dmp_motion_driver.o
 .debug_rnglists
                0x00000235       0x8d ./Core/Src/MPU6050/mpu6050.o
 .debug_rnglists
                0x000002c2       0x1b ./Core/Src/PID/PID.o
 .debug_rnglists
                0x000002dd       0x49 ./Core/Src/main.o
 .debug_rnglists
                0x00000326       0x41 ./Core/Src/stm32f4xx_hal_msp.o
 .debug_rnglists
                0x00000367       0x4f ./Core/Src/stm32f4xx_it.o
 .debug_rnglists
                0x000003b6       0x1a ./Core/Src/system_stm32f4xx.o
 .debug_rnglists
                0x000003d0       0x19 ./Core/Src/usart/usart.o
 .debug_rnglists
                0x000003e9       0x19 ./Core/Startup/startup_stm32f401ccux.o
 .debug_rnglists
                0x00000402       0xaf ./Drivers/STM32F4xx_HAL_Driver/Src/stm32f4xx_hal.o
 .debug_rnglists
                0x000004b1       0xd4 ./Drivers/STM32F4xx_HAL_Driver/Src/stm32f4xx_hal_cortex.o
 .debug_rnglists
                0x00000585       0x70 ./Drivers/STM32F4xx_HAL_Driver/Src/stm32f4xx_hal_dma.o
 .debug_rnglists
                0x000005f5       0x3f ./Drivers/STM32F4xx_HAL_Driver/Src/stm32f4xx_hal_gpio.o
 .debug_rnglists
                0x00000634      0x23c ./Drivers/STM32F4xx_HAL_Driver/Src/stm32f4xx_hal_i2c.o
 .debug_rnglists
                0x00000870       0x66 ./Drivers/STM32F4xx_HAL_Driver/Src/stm32f4xx_hal_rcc.o
 .debug_rnglists
                0x000008d6      0x31a ./Drivers/STM32F4xx_HAL_Driver/Src/stm32f4xx_hal_tim.o
 .debug_rnglists
                0x00000bf0      0x125 ./Drivers/STM32F4xx_HAL_Driver/Src/stm32f4xx_hal_tim_ex.o
 .debug_rnglists
                0x00000d15      0x1bc ./Drivers/STM32F4xx_HAL_Driver/Src/stm32f4xx_hal_uart.o

.debug_macro    0x00000000    0x19faf
 .debug_macro   0x00000000      0x29b ./Core/Src/MPU6050/I2C.o
 .debug_macro   0x0000029b      0xab4 ./Core/Src/MPU6050/I2C.o
 .debug_macro   0x00000d4f      0x2a1 ./Core/Src/MPU6050/I2C.o
 .debug_macro   0x00000ff0       0x2e ./Core/Src/MPU6050/I2C.o
 .debug_macro   0x0000101e       0x28 ./Core/Src/MPU6050/I2C.o
 .debug_macro   0x00001046       0x22 ./Core/Src/MPU6050/I2C.o
 .debug_macro   0x00001068       0x8e ./Core/Src/MPU6050/I2C.o
 .debug_macro   0x000010f6       0x51 ./Core/Src/MPU6050/I2C.o
 .debug_macro   0x00001147      0x103 ./Core/Src/MPU6050/I2C.o
 .debug_macro   0x0000124a       0x6a ./Core/Src/MPU6050/I2C.o
 .debug_macro   0x000012b4      0x1df ./Core/Src/MPU6050/I2C.o
 .debug_macro   0x00001493       0x1c ./Core/Src/MPU6050/I2C.o
 .debug_macro   0x000014af       0x22 ./Core/Src/MPU6050/I2C.o
 .debug_macro   0x000014d1       0xfb ./Core/Src/MPU6050/I2C.o
 .debug_macro   0x000015cc     0x1011 ./Core/Src/MPU6050/I2C.o
 .debug_macro   0x000025dd      0x11f ./Core/Src/MPU6050/I2C.o
 .debug_macro   0x000026fc     0xb86c ./Core/Src/MPU6050/I2C.o
 .debug_macro   0x0000df68       0x6d ./Core/Src/MPU6050/I2C.o
 .debug_macro   0x0000dfd5     0x368c ./Core/Src/MPU6050/I2C.o
 .debug_macro   0x00011661      0x189 ./Core/Src/MPU6050/I2C.o
 .debug_macro   0x000117ea       0x5c ./Core/Src/MPU6050/I2C.o
 .debug_macro   0x00011846      0x416 ./Core/Src/MPU6050/I2C.o
 .debug_macro   0x00011c5c      0x9e9 ./Core/Src/MPU6050/I2C.o
 .debug_macro   0x00012645      0x115 ./Core/Src/MPU6050/I2C.o
 .debug_macro   0x0001275a       0xf8 ./Core/Src/MPU6050/I2C.o
 .debug_macro   0x00012852       0xa5 ./Core/Src/MPU6050/I2C.o
 .debug_macro   0x000128f7      0x15f ./Core/Src/MPU6050/I2C.o
 .debug_macro   0x00012a56      0x287 ./Core/Src/MPU6050/I2C.o
 .debug_macro   0x00012cdd       0x5f ./Core/Src/MPU6050/I2C.o
 .debug_macro   0x00012d3c      0x236 ./Core/Src/MPU6050/I2C.o
 .debug_macro   0x00012f72      0x132 ./Core/Src/MPU6050/I2C.o
 .debug_macro   0x000130a4      0x23a ./Core/Src/MPU6050/I2C.o
 .debug_macro   0x000132de       0x2e ./Core/Src/MPU6050/I2C.o
 .debug_macro   0x0001330c      0x1b5 ./Core/Src/MPU6050/I2C.o
 .debug_macro   0x000134c1       0x22 ./Core/Src/MPU6050/I2C.o
 .debug_macro   0x000134e3       0xd6 ./Core/Src/MPU6050/I2C.o
 .debug_macro   0x000135b9      0x127 ./Core/Src/MPU6050/I2C.o
 .debug_macro   0x000136e0       0x85 ./Core/Src/MPU6050/I2C.o
 .debug_macro   0x00013765       0x89 ./Core/Src/MPU6050/I2C.o
 .debug_macro   0x000137ee      0x8ed ./Core/Src/MPU6050/I2C.o
 .debug_macro   0x000140db       0x47 ./Core/Src/MPU6050/I2C.o
 .debug_macro   0x00014122      0x2aa ./Core/Src/MPU6050/I2C.o
 .debug_macro   0x000143cc      0x126 ./Core/Src/MPU6050/I2C.o
 .debug_macro   0x000144f2       0x61 ./Core/Src/MPU6050/I2C.o
 .debug_macro   0x00014553       0x2a ./Core/Src/MPU6050/I2C.o
 .debug_macro   0x0001457d       0x43 ./Core/Src/MPU6050/I2C.o
 .debug_macro   0x000145c0       0x34 ./Core/Src/MPU6050/I2C.o
 .debug_macro   0x000145f4       0x16 ./Core/Src/MPU6050/I2C.o
 .debug_macro   0x0001460a       0x43 ./Core/Src/MPU6050/I2C.o
 .debug_macro   0x0001464d       0x34 ./Core/Src/MPU6050/I2C.o
 .debug_macro   0x00014681       0x10 ./Core/Src/MPU6050/I2C.o
 .debug_macro   0x00014691       0x58 ./Core/Src/MPU6050/I2C.o
 .debug_macro   0x000146e9       0x8e ./Core/Src/MPU6050/I2C.o
 .debug_macro   0x00014777       0x1c ./Core/Src/MPU6050/I2C.o
 .debug_macro   0x00014793      0x177 ./Core/Src/MPU6050/I2C.o
 .debug_macro   0x0001490a      0x369 ./Core/Src/MPU6050/I2C.o
 .debug_macro   0x00014c73      0x19b ./Core/Src/MPU6050/I2C.o
 .debug_macro   0x00014e0e       0x40 ./Core/Src/MPU6050/I2C.o
 .debug_macro   0x00014e4e      0x478 ./Core/Src/MPU6050/inv_mpu.o
 .debug_macro   0x000152c6       0x5b ./Core/Src/MPU6050/inv_mpu.o
 .debug_macro   0x00015321       0x94 ./Core/Src/MPU6050/inv_mpu.o
 .debug_macro   0x000153b5       0x16 ./Core/Src/MPU6050/inv_mpu.o
 .debug_macro   0x000153cb       0x57 ./Core/Src/MPU6050/inv_mpu.o
 .debug_macro   0x00015422       0x9e ./Core/Src/MPU6050/inv_mpu.o
 .debug_macro   0x000154c0      0x10b ./Core/Src/MPU6050/inv_mpu.o
 .debug_macro   0x000155cb       0x10 ./Core/Src/MPU6050/inv_mpu.o
 .debug_macro   0x000155db       0x16 ./Core/Src/MPU6050/inv_mpu.o
 .debug_macro   0x000155f1       0x16 ./Core/Src/MPU6050/inv_mpu.o
 .debug_macro   0x00015607      0x146 ./Core/Src/MPU6050/inv_mpu.o
 .debug_macro   0x0001574d       0x16 ./Core/Src/MPU6050/inv_mpu.o
 .debug_macro   0x00015763       0x35 ./Core/Src/MPU6050/inv_mpu.o
 .debug_macro   0x00015798       0x16 ./Core/Src/MPU6050/inv_mpu.o
 .debug_macro   0x000157ae       0x29 ./Core/Src/MPU6050/inv_mpu.o
 .debug_macro   0x000157d7       0x16 ./Core/Src/MPU6050/inv_mpu.o
 .debug_macro   0x000157ed       0x20 ./Core/Src/MPU6050/inv_mpu.o
 .debug_macro   0x0001580d       0x82 ./Core/Src/MPU6050/inv_mpu.o
 .debug_macro   0x0001588f       0x56 ./Core/Src/MPU6050/inv_mpu.o
 .debug_macro   0x000158e5      0x81a ./Core/Src/MPU6050/inv_mpu.o
 .debug_macro   0x000160ff      0x775 ./Core/Src/MPU6050/inv_mpu_dmp_motion_driver.o
 .debug_macro   0x00016874       0x10 ./Core/Src/MPU6050/inv_mpu_dmp_motion_driver.o
 .debug_macro   0x00016884       0xa6 ./Core/Src/MPU6050/inv_mpu_dmp_motion_driver.o
 .debug_macro   0x0001692a      0xb8a ./Core/Src/MPU6050/inv_mpu_dmp_motion_driver.o
 .debug_macro   0x000174b4      0x659 ./Core/Src/MPU6050/inv_mpu_dmp_motion_driver.o
 .debug_macro   0x00017b0d      0x368 ./Core/Src/MPU6050/mpu6050.o
 .debug_macro   0x00017e75       0x1a ./Core/Src/PID/PID.o
 .debug_macro   0x00017e8f       0x10 ./Core/Src/PID/PID.o
 .debug_macro   0x00017e9f      0x404 ./Core/Src/main.o
 .debug_macro   0x000182a3      0x2f6 ./Core/Src/stm32f4xx_hal_msp.o
 .debug_macro   0x00018599      0x300 ./Core/Src/stm32f4xx_it.o
 .debug_macro   0x00018899      0x1e7 ./Core/Src/system_stm32f4xx.o
 .debug_macro   0x00018a80      0x330 ./Core/Src/usart/usart.o
 .debug_macro   0x00018db0      0x247 ./Drivers/STM32F4xx_HAL_Driver/Src/stm32f4xx_hal.o
 .debug_macro   0x00018ff7      0x1e7 ./Drivers/STM32F4xx_HAL_Driver/Src/stm32f4xx_hal_cortex.o
 .debug_macro   0x000191de      0x1ed ./Drivers/STM32F4xx_HAL_Driver/Src/stm32f4xx_hal_dma.o
 .debug_macro   0x000193cb      0x1ed ./Drivers/STM32F4xx_HAL_Driver/Src/stm32f4xx_hal_gpio.o
 .debug_macro   0x000195b8      0x235 ./Drivers/STM32F4xx_HAL_Driver/Src/stm32f4xx_hal_i2c.o
 .debug_macro   0x000197ed      0x20b ./Drivers/STM32F4xx_HAL_Driver/Src/stm32f4xx_hal_rcc.o
 .debug_macro   0x000199f8      0x1e8 ./Drivers/STM32F4xx_HAL_Driver/Src/stm32f4xx_hal_tim.o
 .debug_macro   0x00019be0      0x1e7 ./Drivers/STM32F4xx_HAL_Driver/Src/stm32f4xx_hal_tim_ex.o
 .debug_macro   0x00019dc7      0x1e8 ./Drivers/STM32F4xx_HAL_Driver/Src/stm32f4xx_hal_uart.o

.debug_line     0x00000000    0x17f24
 .debug_line    0x00000000      0x97a ./Core/Src/MPU6050/I2C.o
 .debug_line    0x0000097a     0x231a ./Core/Src/MPU6050/inv_mpu.o
 .debug_line    0x00002c94     0x141f ./Core/Src/MPU6050/inv_mpu_dmp_motion_driver.o
 .debug_line    0x000040b3      0xfdf ./Core/Src/MPU6050/mpu6050.o
 .debug_line    0x00005092      0x19f ./Core/Src/PID/PID.o
 .debug_line    0x00005231      0xfc8 ./Core/Src/main.o
 .debug_line    0x000061f9      0xab1 ./Core/Src/stm32f4xx_hal_msp.o
 .debug_line    0x00006caa      0xa55 ./Core/Src/stm32f4xx_it.o
 .debug_line    0x000076ff      0x804 ./Core/Src/system_stm32f4xx.o
 .debug_line    0x00007f03      0x9b2 ./Core/Src/usart/usart.o
 .debug_line    0x000088b5       0x7a ./Core/Startup/startup_stm32f401ccux.o
 .debug_line    0x0000892f      0xa6d ./Drivers/STM32F4xx_HAL_Driver/Src/stm32f4xx_hal.o
 .debug_line    0x0000939c      0xd35 ./Drivers/STM32F4xx_HAL_Driver/Src/stm32f4xx_hal_cortex.o
 .debug_line    0x0000a0d1      0xfdd ./Drivers/STM32F4xx_HAL_Driver/Src/stm32f4xx_hal_dma.o
 .debug_line    0x0000b0ae      0xbbd ./Drivers/STM32F4xx_HAL_Driver/Src/stm32f4xx_hal_gpio.o
 .debug_line    0x0000bc6b     0x3bb3 ./Drivers/STM32F4xx_HAL_Driver/Src/stm32f4xx_hal_i2c.o
 .debug_line    0x0000f81e      0xdde ./Drivers/STM32F4xx_HAL_Driver/Src/stm32f4xx_hal_rcc.o
 .debug_line    0x000105fc     0x35eb ./Drivers/STM32F4xx_HAL_Driver/Src/stm32f4xx_hal_tim.o
 .debug_line    0x00013be7     0x19fe ./Drivers/STM32F4xx_HAL_Driver/Src/stm32f4xx_hal_tim_ex.o
 .debug_line    0x000155e5     0x293f ./Drivers/STM32F4xx_HAL_Driver/Src/stm32f4xx_hal_uart.o

.debug_str      0x00000000    0x990de
 .debug_str     0x00000000    0x8b86e ./Core/Src/MPU6050/I2C.o
                              0x8bb8e (size before relaxing)
 .debug_str     0x0008b86e     0x3a59 ./Core/Src/MPU6050/inv_mpu.o
                              0x8f158 (size before relaxing)
 .debug_str     0x0008f2c7     0x4fcb ./Core/Src/MPU6050/inv_mpu_dmp_motion_driver.o
                              0x90985 (size before relaxing)
 .debug_str     0x00094292      0x3d2 ./Core/Src/MPU6050/mpu6050.o
                              0x8e5d3 (size before relaxing)
 .debug_str     0x00094664      0x13f ./Core/Src/PID/PID.o
                               0x2f35 (size before relaxing)
 .debug_str     0x000947a3     0x113d ./Core/Src/main.o
                              0x8f2b2 (size before relaxing)
 .debug_str     0x000958e0      0x48b ./Core/Src/stm32f4xx_hal_msp.o
                              0x8ea15 (size before relaxing)
 .debug_str     0x00095d6b      0x115 ./Core/Src/stm32f4xx_it.o
                              0x8e288 (size before relaxing)
 .debug_str     0x00095e80       0x87 ./Core/Src/system_stm32f4xx.o
                              0x87df5 (size before relaxing)
 .debug_str     0x00095f07       0x4a ./Core/Src/usart/usart.o
                              0x8dfd4 (size before relaxing)
 .debug_str     0x00095f51       0x44 ./Core/Startup/startup_stm32f401ccux.o
                                 0x77 (size before relaxing)
 .debug_str     0x00095f95      0x601 ./Drivers/STM32F4xx_HAL_Driver/Src/stm32f4xx_hal.o
                              0x88817 (size before relaxing)
 .debug_str     0x00096596      0x32a ./Drivers/STM32F4xx_HAL_Driver/Src/stm32f4xx_hal_cortex.o
                              0x8854f (size before relaxing)
 .debug_str     0x000968c0      0x310 ./Drivers/STM32F4xx_HAL_Driver/Src/stm32f4xx_hal_dma.o
                              0x881fd (size before relaxing)
 .debug_str     0x00096bd0      0x11c ./Drivers/STM32F4xx_HAL_Driver/Src/stm32f4xx_hal_gpio.o
                              0x87f70 (size before relaxing)
 .debug_str     0x00096cec      0xaf0 ./Drivers/STM32F4xx_HAL_Driver/Src/stm32f4xx_hal_i2c.o
                              0x88e06 (size before relaxing)
 .debug_str     0x000977dc      0x213 ./Drivers/STM32F4xx_HAL_Driver/Src/stm32f4xx_hal_rcc.o
                              0x88229 (size before relaxing)
 .debug_str     0x000979ef      0xcb8 ./Drivers/STM32F4xx_HAL_Driver/Src/stm32f4xx_hal_tim.o
                              0x8916d (size before relaxing)
 .debug_str     0x000986a7      0x493 ./Drivers/STM32F4xx_HAL_Driver/Src/stm32f4xx_hal_tim_ex.o
                              0x88979 (size before relaxing)
 .debug_str     0x00098b3a      0x5a4 ./Drivers/STM32F4xx_HAL_Driver/Src/stm32f4xx_hal_uart.o
                              0x887f8 (size before relaxing)

.comment        0x00000000       0x43
 .comment       0x00000000       0x43 ./Core/Src/MPU6050/I2C.o
                                 0x44 (size before relaxing)
 .comment       0x00000043       0x44 ./Core/Src/MPU6050/inv_mpu.o
 .comment       0x00000043       0x44 ./Core/Src/MPU6050/inv_mpu_dmp_motion_driver.o
 .comment       0x00000043       0x44 ./Core/Src/MPU6050/mpu6050.o
 .comment       0x00000043       0x44 ./Core/Src/PID/PID.o
 .comment       0x00000043       0x44 ./Core/Src/main.o
 .comment       0x00000043       0x44 ./Core/Src/stm32f4xx_hal_msp.o
 .comment       0x00000043       0x44 ./Core/Src/stm32f4xx_it.o
 .comment       0x00000043       0x44 ./Core/Src/system_stm32f4xx.o
 .comment       0x00000043       0x44 ./Core/Src/usart/usart.o
 .comment       0x00000043       0x44 ./Drivers/STM32F4xx_HAL_Driver/Src/stm32f4xx_hal.o
 .comment       0x00000043       0x44 ./Drivers/STM32F4xx_HAL_Driver/Src/stm32f4xx_hal_cortex.o
 .comment       0x00000043       0x44 ./Drivers/STM32F4xx_HAL_Driver/Src/stm32f4xx_hal_dma.o
 .comment       0x00000043       0x44 ./Drivers/STM32F4xx_HAL_Driver/Src/stm32f4xx_hal_gpio.o
 .comment       0x00000043       0x44 ./Drivers/STM32F4xx_HAL_Driver/Src/stm32f4xx_hal_i2c.o
 .comment       0x00000043       0x44 ./Drivers/STM32F4xx_HAL_Driver/Src/stm32f4xx_hal_rcc.o
 .comment       0x00000043       0x44 ./Drivers/STM32F4xx_HAL_Driver/Src/stm32f4xx_hal_tim.o
 .comment       0x00000043       0x44 ./Drivers/STM32F4xx_HAL_Driver/Src/stm32f4xx_hal_tim_ex.o
 .comment       0x00000043       0x44 ./Drivers/STM32F4xx_HAL_Driver/Src/stm32f4xx_hal_uart.o

.debug_frame    0x00000000     0x5398
 .debug_frame   0x00000000       0xa8 ./Core/Src/MPU6050/I2C.o
 .debug_frame   0x000000a8      0x6b4 ./Core/Src/MPU6050/inv_mpu.o
 .debug_frame   0x0000075c      0x42c ./Core/Src/MPU6050/inv_mpu_dmp_motion_driver.o
 .debug_frame   0x00000b88      0x2c0 ./Core/Src/MPU6050/mpu6050.o
 .debug_frame   0x00000e48       0x64 ./Core/Src/PID/PID.o
 .debug_frame   0x00000eac      0x13c ./Core/Src/main.o
 .debug_frame   0x00000fe8      0x134 ./Core/Src/stm32f4xx_hal_msp.o
 .debug_frame   0x0000111c      0x13c ./Core/Src/stm32f4xx_it.o
 .debug_frame   0x00001258       0x58 ./Core/Src/system_stm32f4xx.o
 .debug_frame   0x000012b0       0x5c ./Core/Src/usart/usart.o
 .debug_frame   0x0000130c      0x374 ./Drivers/STM32F4xx_HAL_Driver/Src/stm32f4xx_hal.o
 .debug_frame   0x00001680      0x4b8 ./Drivers/STM32F4xx_HAL_Driver/Src/stm32f4xx_hal_cortex.o
 .debug_frame   0x00001b38      0x250 ./Drivers/STM32F4xx_HAL_Driver/Src/stm32f4xx_hal_dma.o
 .debug_frame   0x00001d88      0x14c ./Drivers/STM32F4xx_HAL_Driver/Src/stm32f4xx_hal_gpio.o
 .debug_frame   0x00001ed4      0xc84 ./Drivers/STM32F4xx_HAL_Driver/Src/stm32f4xx_hal_i2c.o
 .debug_frame   0x00002b58      0x1f4 ./Drivers/STM32F4xx_HAL_Driver/Src/stm32f4xx_hal_rcc.o
 .debug_frame   0x00002d4c     0x11b8 ./Drivers/STM32F4xx_HAL_Driver/Src/stm32f4xx_hal_tim.o
 .debug_frame   0x00003f04      0x638 ./Drivers/STM32F4xx_HAL_Driver/Src/stm32f4xx_hal_tim_ex.o
 .debug_frame   0x0000453c      0x954 ./Drivers/STM32F4xx_HAL_Driver/Src/stm32f4xx_hal_uart.o
 .debug_frame   0x00004e90      0x144 C:/ST/STM32CubeIDE_1.15.1/STM32CubeIDE/plugins/com.st.stm32cube.ide.mcu.externaltools.gnu-tools-for-stm32.12.3.rel1.win32_1.0.100.202403111256/tools/bin/../lib/gcc/arm-none-eabi/12.3.1/../../../../arm-none-eabi/lib/thumb/v7e-m+fp/hard\libc_nano.a(libc_a-findfp.o)
 .debug_frame   0x00004fd4       0x28 C:/ST/STM32CubeIDE_1.15.1/STM32CubeIDE/plugins/com.st.stm32cube.ide.mcu.externaltools.gnu-tools-for-stm32.12.3.rel1.win32_1.0.100.202403111256/tools/bin/../lib/gcc/arm-none-eabi/12.3.1/../../../../arm-none-eabi/lib/thumb/v7e-m+fp/hard\libc_nano.a(libc_a-memcmp.o)