../Drivers/CMSIS/Include/core_cm4.h:1938:34:__NVIC_SystemReset	4	static,ignoring_inline_asm
../Core/Src/MPU6050/mpu6050.c:35:23:inv_row_2_scale	24	static
../Core/Src/MPU6050/mpu6050.c:55:23:inv_orientation_matrix_to_scalar	24	static
../Core/Src/MPU6050/mpu6050.c:64:13:run_self_test	48	static
../Core/Src/MPU6050/mpu6050.c:108:6:MPU6050_setClockSource	24	static
../Core/Src/MPU6050/mpu6050.c:118:6:MPU6050_newValues	24	static
../Core/Src/MPU6050/mpu6050.c:182:6:MPU6050_setFullScaleGyroRange	24	static
../Core/Src/MPU6050/mpu6050.c:191:6:MPU6050_setFullScaleAccelRange	24	static
../Core/Src/MPU6050/mpu6050.c:202:6:MPU6050_setSleepEnabled	16	static
../Core/Src/MPU6050/mpu6050.c:210:9:MPU6050_getDeviceID	8	static
../Core/Src/MPU6050/mpu6050.c:220:9:MPU6050_testConnection	8	static
../Core/Src/MPU6050/mpu6050.c:231:6:MPU6050_setI2CMasterModeEnabled	16	static
../Core/Src/MPU6050/mpu6050.c:240:6:MPU6050_setI2CBypassEnabled	16	static
../Core/Src/MPU6050/mpu6050.c:249:6:MPU6050_initialize	8	static
../Core/Src/MPU6050/mpu6050.c:264:6:DMP_Init	8	static
../Core/Src/MPU6050/mpu6050.c:298:6:Read_DMP	48	static
../Core/Src/MPU6050/mpu6050.c:333:6:Calubration_DMP	24	static
../Core/Src/MPU6050/mpu6050.c:355:6:DMP_get_gyro_offsets	32	static
../Core/Src/MPU6050/mpu6050.c:376:6:DMP_get_gravity	4	static
../Core/Src/MPU6050/mpu6050.c:390:5:Read_Temperature	16	static
