../Drivers/CMSIS/Include/core_cm4.h:1938:34:__NVIC_SystemReset	4	static,ignoring_inline_asm
../Core/Src/MPU6050/mpu6050.c:34:23:inv_row_2_scale	24	static
../Core/Src/MPU6050/mpu6050.c:54:23:inv_orientation_matrix_to_scalar	24	static
../Core/Src/MPU6050/mpu6050.c:63:13:run_self_test	48	static
../Core/Src/MPU6050/mpu6050.c:107:6:MPU6050_setClockSource	24	static
../Core/Src/MPU6050/mpu6050.c:117:6:MPU6050_newValues	24	static
../Core/Src/MPU6050/mpu6050.c:181:6:MPU6050_setFullScaleGyroRange	24	static
../Core/Src/MPU6050/mpu6050.c:190:6:MPU6050_setFullScaleAccelRange	24	static
../Core/Src/MPU6050/mpu6050.c:201:6:MPU6050_setSleepEnabled	16	static
../Core/Src/MPU6050/mpu6050.c:209:9:MPU6050_getDeviceID	8	static
../Core/Src/MPU6050/mpu6050.c:219:9:MPU6050_testConnection	8	static
../Core/Src/MPU6050/mpu6050.c:230:6:MPU6050_setI2CMasterModeEnabled	16	static
../Core/Src/MPU6050/mpu6050.c:239:6:MPU6050_setI2CBypassEnabled	16	static
../Core/Src/MPU6050/mpu6050.c:248:6:MPU6050_initialize	8	static
../Core/Src/MPU6050/mpu6050.c:263:6:DMP_Init	8	static
../Core/Src/MPU6050/mpu6050.c:297:6:Read_DMP	40	static
../Core/Src/MPU6050/mpu6050.c:328:6:Calubration_DMP	24	static
../Core/Src/MPU6050/mpu6050.c:350:6:DMP_get_gyro_offsets	32	static
../Core/Src/MPU6050/mpu6050.c:374:5:Read_Temperature	16	static
